Archive member included to satisfy reference by file (symbol)

C:/Program Files (x86)/Arm GNU Toolchain arm-none-eabi/14.2 rel1/bin/../lib/gcc/arm-none-eabi/14.2.1/thumb/v7e-m+fp/hard\libgcc.a(unwind-arm.o)
                              build/main.o (__aeabi_unwind_cpp_pr0)
C:/Program Files (x86)/Arm GNU Toolchain arm-none-eabi/14.2 rel1/bin/../lib/gcc/arm-none-eabi/14.2.1/thumb/v7e-m+fp/hard\libgcc.a(libunwind.o)
                              C:/Program Files (x86)/Arm GNU Toolchain arm-none-eabi/14.2 rel1/bin/../lib/gcc/arm-none-eabi/14.2.1/thumb/v7e-m+fp/hard\libgcc.a(unwind-arm.o) (restore_core_regs)
C:/Program Files (x86)/Arm GNU Toolchain arm-none-eabi/14.2 rel1/bin/../lib/gcc/arm-none-eabi/14.2.1/thumb/v7e-m+fp/hard\libgcc.a(pr-support.o)
                              C:/Program Files (x86)/Arm GNU Toolchain arm-none-eabi/14.2 rel1/bin/../lib/gcc/arm-none-eabi/14.2.1/thumb/v7e-m+fp/hard\libgcc.a(unwind-arm.o) (__gnu_unwind_execute)
C:/Program Files (x86)/Arm GNU Toolchain arm-none-eabi/14.2 rel1/bin/../lib/gcc/arm-none-eabi/14.2.1/thumb/v7e-m+fp/hard\librdimon_nano.a(arm_librdimon_a-syscalls.o)
                              C:/Program Files (x86)/Arm GNU Toolchain arm-none-eabi/14.2 rel1/bin/../lib/gcc/arm-none-eabi/14.2.1/thumb/v7e-m+fp/hard/rdimon-crt0.o (__heap_limit)
C:/Program Files (x86)/Arm GNU Toolchain arm-none-eabi/14.2 rel1/bin/../lib/gcc/arm-none-eabi/14.2.1/thumb/v7e-m+fp/hard\libstdc++_nano.a(class_type_info.o)
                              build/app.o (vtable for __cxxabiv1::__class_type_info)
C:/Program Files (x86)/Arm GNU Toolchain arm-none-eabi/14.2 rel1/bin/../lib/gcc/arm-none-eabi/14.2.1/thumb/v7e-m+fp/hard\libstdc++_nano.a(del_ops.o)
                              C:/Program Files (x86)/Arm GNU Toolchain arm-none-eabi/14.2 rel1/bin/../lib/gcc/arm-none-eabi/14.2.1/thumb/v7e-m+fp/hard\libstdc++_nano.a(class_type_info.o) (operator delete(void*, unsigned int))
C:/Program Files (x86)/Arm GNU Toolchain arm-none-eabi/14.2 rel1/bin/../lib/gcc/arm-none-eabi/14.2.1/thumb/v7e-m+fp/hard\libstdc++_nano.a(si_class_type_info.o)
                              build/app.o (vtable for __cxxabiv1::__si_class_type_info)
C:/Program Files (x86)/Arm GNU Toolchain arm-none-eabi/14.2 rel1/bin/../lib/gcc/arm-none-eabi/14.2.1/thumb/v7e-m+fp/hard\libstdc++_nano.a(tinfo.o)
                              C:/Program Files (x86)/Arm GNU Toolchain arm-none-eabi/14.2 rel1/bin/../lib/gcc/arm-none-eabi/14.2.1/thumb/v7e-m+fp/hard\libstdc++_nano.a(class_type_info.o) (std::type_info::~type_info())
C:/Program Files (x86)/Arm GNU Toolchain arm-none-eabi/14.2 rel1/bin/../lib/gcc/arm-none-eabi/14.2.1/thumb/v7e-m+fp/hard\libstdc++_nano.a(del_op.o)
                              C:/Program Files (x86)/Arm GNU Toolchain arm-none-eabi/14.2 rel1/bin/../lib/gcc/arm-none-eabi/14.2.1/thumb/v7e-m+fp/hard\libstdc++_nano.a(del_ops.o) (operator delete(void*))
C:/Program Files (x86)/Arm GNU Toolchain arm-none-eabi/14.2 rel1/bin/../lib/gcc/arm-none-eabi/14.2.1/thumb/v7e-m+fp/hard\libc_nano.a(libc_a-abort.o)
                              C:/Program Files (x86)/Arm GNU Toolchain arm-none-eabi/14.2 rel1/bin/../lib/gcc/arm-none-eabi/14.2.1/thumb/v7e-m+fp/hard\libgcc.a(unwind-arm.o) (abort)
C:/Program Files (x86)/Arm GNU Toolchain arm-none-eabi/14.2 rel1/bin/../lib/gcc/arm-none-eabi/14.2.1/thumb/v7e-m+fp/hard\libc_nano.a(libc_a-exit.o)
                              C:/Program Files (x86)/Arm GNU Toolchain arm-none-eabi/14.2 rel1/bin/../lib/gcc/arm-none-eabi/14.2.1/thumb/v7e-m+fp/hard/rdimon-crt0.o (exit)
C:/Program Files (x86)/Arm GNU Toolchain arm-none-eabi/14.2 rel1/bin/../lib/gcc/arm-none-eabi/14.2.1/thumb/v7e-m+fp/hard\libc_nano.a(libc_a-malloc.o)
                              C:/Program Files (x86)/Arm GNU Toolchain arm-none-eabi/14.2 rel1/bin/../lib/gcc/arm-none-eabi/14.2.1/thumb/v7e-m+fp/hard\libstdc++_nano.a(del_op.o) (free)
C:/Program Files (x86)/Arm GNU Toolchain arm-none-eabi/14.2 rel1/bin/../lib/gcc/arm-none-eabi/14.2.1/thumb/v7e-m+fp/hard\libc_nano.a(libc_a-mallocr.o)
                              C:/Program Files (x86)/Arm GNU Toolchain arm-none-eabi/14.2 rel1/bin/../lib/gcc/arm-none-eabi/14.2.1/thumb/v7e-m+fp/hard\libc_nano.a(libc_a-malloc.o) (_malloc_r)
C:/Program Files (x86)/Arm GNU Toolchain arm-none-eabi/14.2 rel1/bin/../lib/gcc/arm-none-eabi/14.2.1/thumb/v7e-m+fp/hard\libc_nano.a(libc_a-mlock.o)
                              C:/Program Files (x86)/Arm GNU Toolchain arm-none-eabi/14.2 rel1/bin/../lib/gcc/arm-none-eabi/14.2.1/thumb/v7e-m+fp/hard\libc_nano.a(libc_a-mallocr.o) (__malloc_lock)
C:/Program Files (x86)/Arm GNU Toolchain arm-none-eabi/14.2 rel1/bin/../lib/gcc/arm-none-eabi/14.2.1/thumb/v7e-m+fp/hard\libc_nano.a(libc_a-nano-vfprintf_float.o)
                              (_printf_float)
C:/Program Files (x86)/Arm GNU Toolchain arm-none-eabi/14.2 rel1/bin/../lib/gcc/arm-none-eabi/14.2.1/thumb/v7e-m+fp/hard\libc_nano.a(libc_a-nano-vfprintf_i.o)
[...]
Memory Configuration

Name             Origin             Length             Attributes
RAM              0x20000000         0x00003000         xrw
CCMRAM           0x10000000         0x00001000         xrw
FLASH            0x08000000         0x00010000         xr
*default*        0x00000000         0xffffffff

Linker script and memory map

LOAD C:/Program Files (x86)/Arm GNU Toolchain arm-none-eabi/14.2 rel1/bin/../lib/gcc/arm-none-eabi/14.2.1/thumb/v7e-m+fp/hard/crti.o
LOAD C:/Program Files (x86)/Arm GNU Toolchain arm-none-eabi/14.2 rel1/bin/../lib/gcc/arm-none-eabi/14.2.1/thumb/v7e-m+fp/hard/crtbegin.o
LOAD C:/Program Files (x86)/Arm GNU Toolchain arm-none-eabi/14.2 rel1/bin/../lib/gcc/arm-none-eabi/14.2.1/thumb/v7e-m+fp/hard/rdimon-crt0.o
LOAD build/gpio.o
LOAD build/can.o
LOAD build/tim.o
LOAD build/usart.o
LOAD build/stm32f3xx_it.o
LOAD build/stm32f3xx_hal_msp.o
LOAD build/stm32f3xx_hal_can.o
LOAD build/stm32f3xx_hal.o
LOAD build/stm32f3xx_hal_rcc.o
LOAD build/stm32f3xx_hal_rcc_ex.o
LOAD build/stm32f3xx_hal_gpio.o
LOAD build/stm32f3xx_hal_dma.o
LOAD build/stm32f3xx_hal_cortex.o
LOAD build/stm32f3xx_hal_pwr.o
LOAD build/stm32f3xx_hal_pwr_ex.o
LOAD build/stm32f3xx_hal_flash.o
LOAD build/stm32f3xx_hal_flash_ex.o
LOAD build/stm32f3xx_hal_i2c.o
LOAD build/stm32f3xx_hal_i2c_ex.o
LOAD build/stm32f3xx_hal_exti.o
LOAD build/stm32f3xx_hal_tim.o
LOAD build/stm32f3xx_hal_tim_ex.o
LOAD build/stm32f3xx_hal_uart.o
LOAD build/stm32f3xx_hal_uart_ex.o
LOAD build/system_stm32f3xx.o
LOAD build/main.o
LOAD build/app.o
LOAD build/motor_controller.o
LOAD build/can_config.o
LOAD build/startup_stm32f303x8.o
LOAD C:/Program Files (x86)/Arm GNU Toolchain arm-none-eabi/14.2 rel1/bin/../lib/gcc/arm-none-eabi/14.2.1/thumb/v7e-m+fp/hard\libnosys.a
LOAD C:/Program Files (x86)/Arm GNU Toolchain arm-none-eabi/14.2 rel1/bin/../lib/gcc/arm-none-eabi/14.2.1/thumb/v7e-m+fp/hard\libgcc.a
LOAD C:/Program Files (x86)/Arm GNU Toolchain arm-none-eabi/14.2 rel1/bin/../lib/gcc/arm-none-eabi/14.2.1/thumb/v7e-m+fp/hard\librdimon_nano.a
LOAD C:/Program Files (x86)/Arm GNU Toolchain arm-none-eabi/14.2 rel1/bin/../lib/gcc/arm-none-eabi/14.2.1/thumb/v7e-m+fp/hard\libstdc++_nano.a
LOAD C:/Program Files (x86)/Arm GNU Toolchain arm-none-eabi/14.2 rel1/bin/../lib/gcc/arm-none-eabi/14.2.1/thumb/v7e-m+fp/hard\libstdc++_nano.a
LOAD C:/Program Files (x86)/Arm GNU Toolchain arm-none-eabi/14.2 rel1/bin/../lib/gcc/arm-none-eabi/14.2.1/thumb/v7e-m+fp/hard\libm.a
LOAD C:/Program Files (x86)/Arm GNU Toolchain arm-none-eabi/14.2 rel1/bin/../lib/gcc/arm-none-eabi/14.2.1/thumb/v7e-m+fp/hard\libc_nano.a
START GROUP
LOAD C:/Program Files (x86)/Arm GNU Toolchain arm-none-eabi/14.2 rel1/bin/../lib/gcc/arm-none-eabi/14.2.1/thumb/v7e-m+fp/hard\libgcc.a
LOAD C:/Program Files (x86)/Arm GNU Toolchain arm-none-eabi/14.2 rel1/bin/../lib/gcc/arm-none-eabi/14.2.1/thumb/v7e-m+fp/hard\libc_nano.a
END GROUP
START GROUP
LOAD C:/Program Files (x86)/Arm GNU Toolchain arm-none-eabi/14.2 rel1/bin/../lib/gcc/arm-none-eabi/14.2.1/thumb/v7e-m+fp/hard\libgcc.a
LOAD C:/Program Files (x86)/Arm GNU Toolchain arm-none-eabi/14.2 rel1/bin/../lib/gcc/arm-none-eabi/14.2.1/thumb/v7e-m+fp/hard\libc_nano.a
LOAD C:/Program Files (x86)/Arm GNU Toolchain arm-none-eabi/14.2 rel1/bin/../lib/gcc/arm-none-eabi/14.2.1/thumb/v7e-m+fp/hard\librdimon_nano.a
END GROUP
START GROUP
LOAD C:/Program Files (x86)/Arm GNU Toolchain arm-none-eabi/14.2 rel1/bin/../lib/gcc/arm-none-eabi/14.2.1/thumb/v7e-m+fp/hard\libgcc.a
LOAD C:/Program Files (x86)/Arm GNU Toolchain arm-none-eabi/14.2 rel1/bin/../lib/gcc/arm-none-eabi/14.2.1/thumb/v7e-m+fp/hard\libc_nano.a
LOAD C:/Program Files (x86)/Arm GNU Toolchain arm-none-eabi/14.2 rel1/bin/../lib/gcc/arm-none-eabi/14.2.1/thumb/v7e-m+fp/hard\librdimon_nano.a
END GROUP
LOAD C:/Program Files (x86)/Arm GNU Toolchain arm-none-eabi/14.2 rel1/bin/../lib/gcc/arm-none-eabi/14.2.1/thumb/v7e-m+fp/hard/crtend.o
LOAD C:/Program Files (x86)/Arm GNU Toolchain arm-none-eabi/14.2 rel1/bin/../lib/gcc/arm-none-eabi/14.2.1/thumb/v7e-m+fp/hard/crtn.o
                0x20003000                        _estack = (ORIGIN (RAM) + LENGTH (RAM))
                0x00000200                        _Min_Heap_Size = 0x200
                0x00000400                        _Min_Stack_Size = 0x400

.isr_vector     0x08000000      0x188
                0x08000000                        . = ALIGN (0x4)
 *(.isr_vector)
 .isr_vector    0x08000000      0x188 build/startup_stm32f303x8.o
                0x08000000                g_pfnVectors
                0x08000188                        . = ALIGN (0x4)

.text           0x08000190     0x7b6c
                0x08000190                        . = ALIGN (0x4)
 *(.text)
 .text          0x08000190      0x1ac C:/Program Files (x86)/Arm GNU Toolchain arm-none-eabi/14.2 rel1/bin/../lib/gcc/arm-none-eabi/14.2.1/thumb/v7e-m+fp/hard\libgcc.a(libunwind.o)
                0x08000190                __restore_core_regs
                0x08000190                restore_core_regs
                0x080001a8                __gnu_Unwind_Restore_VFP
                0x080001b0                __gnu_Unwind_Save_VFP
                0x080001b8                __gnu_Unwind_Restore_VFP_D
                0x080001c0                __gnu_Unwind_Save_VFP_D
                0x080001c8                __gnu_Unwind_Restore_VFP_D_16_to_31
                0x080001d0                __gnu_Unwind_Save_VFP_D_16_to_31
                0x080001d8                __gnu_Unwind_Restore_WMMXD
                0x0800021c                __gnu_Unwind_Save_WMMXD
                0x08000260                __gnu_Unwind_Restore_WMMXC
                0x08000274                __gnu_Unwind_Save_WMMXC
                0x08000288                ___Unwind_RaiseException
                0x08000288                _Unwind_RaiseException
                0x080002ac                _Unwind_Resume
                0x080002ac                ___Unwind_Resume
                0x080002d0                _Unwind_Resume_or_Rethrow
                0x080002d0                ___Unwind_Resume_or_Rethrow
                0x080002f4                _Unwind_ForcedUnwind
                0x080002f4                ___Unwind_ForcedUnwind
                0x08000318                ___Unwind_Backtrace
                0x08000318                _Unwind_Backtrace
 .text          0x0800033c       0x14 C:/Program Files (x86)/Arm GNU Toolchain arm-none-eabi/14.2 rel1/bin/../lib/gcc/arm-none-eabi/14.2.1/thumb/v7e-m+fp/hard\libc_nano.a(libc_a-strcmp.o)
                0x0800033c                strcmp
 .text          0x08000350       0xa0 C:/Program Files (x86)/Arm GNU Toolchain arm-none-eabi/14.2 rel1/bin/../lib/gcc/arm-none-eabi/14.2.1/thumb/v7e-m+fp/hard\libc_nano.a(libc_a-memchr.o)
                0x08000350                memchr
 .text          0x080003f0       0x10 C:/Program Files (x86)/Arm GNU Toolchain arm-none-eabi/14.2 rel1/bin/../lib/gcc/arm-none-eabi/14.2.1/thumb/v7e-m+fp/hard\libc_nano.a(libc_a-strlen.o)
                0x080003f0                strlen
 .text          0x08000400      0x378 C:/Program Files (x86)/Arm GNU Toolchain arm-none-eabi/14.2 rel1/bin/../lib/gcc/arm-none-eabi/14.2.1/thumb/v7e-m+fp/hard\libgcc.a(_arm_addsubdf3.o)
                0x08000400                __aeabi_drsub
                0x08000408                __aeabi_dsub
                0x08000408                __subdf3
                0x0800040c                __aeabi_dadd
                0x0800040c                __adddf3
                0x08000684                __floatunsidf
                0x08000684                __aeabi_ui2d
                0x080006a4                __floatsidf
                0x080006a4                __aeabi_i2d
                0x080006c8                __aeabi_f2d
                0x080006c8                __extendsfdf2
                0x0800070c                __floatundidf
                0x0800070c                __aeabi_ul2d
                0x0800071c                __floatdidf
                0x0800071c                __aeabi_l2d
 .text          0x08000778      0x424 C:/Program Files (x86)/Arm GNU Toolchain arm-none-eabi/14.2 rel1/bin/../lib/gcc/arm-none-eabi/14.2.1/thumb/v7e-m+fp/hard\libgcc.a(_arm_muldivdf3.o)
                0x08000778                __aeabi_dmul
                0x08000778                __muldf3
                0x080009cc                __divdf3
                0x080009cc                __aeabi_ddiv
 .text          0x08000b9c      0x110 C:/Program Files (x86)/Arm GNU Toolchain arm-none-eabi/14.2 rel1/bin/../lib/gcc/arm-none-eabi/14.2.1/thumb/v7e-m+fp/hard\libgcc.a(_arm_cmpdf2.o)
                0x08000b9c                __gtdf2
                0x08000b9c                __gedf2
                0x08000ba4                __ltdf2
                0x08000ba4                __ledf2
                0x08000bac                __nedf2
                0x08000bac                __eqdf2
                0x08000bac                __cmpdf2
                0x08000c28                __aeabi_cdrcmple
                0x08000c38                __aeabi_cdcmpeq
                0x08000c38                __aeabi_cdcmple
                0x08000c48                __aeabi_dcmpeq
                0x08000c5c                __aeabi_dcmplt
                0x08000c70                __aeabi_dcmple
                0x08000c84                __aeabi_dcmpge
                0x08000c98                __aeabi_dcmpgt
 .text          0x08000cac       0x2c C:/Program Files (x86)/Arm GNU Toolchain arm-none-eabi/14.2 rel1/bin/../lib/gcc/arm-none-eabi/14.2.1/thumb/v7e-m+fp/hard\libgcc.a(_arm_unorddf2.o)
                0x08000cac                __unorddf2
                0x08000cac                __aeabi_dcmpun
 .text          0x08000cd8       0x50 C:/Program Files (x86)/Arm GNU Toolchain arm-none-eabi/14.2 rel1/bin/../lib/gcc/arm-none-eabi/14.2.1/thumb/v7e-m+fp/hard\libgcc.a(_arm_fixdfsi.o)
                0x08000cd8                __aeabi_d2iz
                0x08000cd8                __fixdfsi
 *(.text*)
 .text.deregister_tm_clones
                0x08000d28       0x1c C:/Program Files (x86)/Arm GNU Toolchain arm-none-eabi/14.2 rel1/bin/../lib/gcc/arm-none-eabi/14.2.1/thumb/v7e-m+fp/hard/crtbegin.o
 .text.register_tm_clones
                0x08000d44       0x24 C:/Program Files (x86)/Arm GNU Toolchain arm-none-eabi/14.2 rel1/bin/../lib/gcc/arm-none-eabi/14.2.1/thumb/v7e-m+fp/hard/crtbegin.o
 .text.__do_global_dtors_aux
                0x08000d68       0x28 C:/Program Files (x86)/Arm GNU Toolchain arm-none-eabi/14.2 rel1/bin/../lib/gcc/arm-none-eabi/14.2.1/thumb/v7e-m+fp/hard/crtbegin.o
 .text.frame_dummy
                0x08000d90       0x24 C:/Program Files (x86)/Arm GNU Toolchain arm-none-eabi/14.2 rel1/bin/../lib/gcc/arm-none-eabi/14.2.1/thumb/v7e-m+fp/hard/crtbegin.o
 .text.MX_GPIO_Init
                0x08000db4       0xd8 build/gpio.o
                0x08000db4                MX_GPIO_Init
 .text.MX_CAN_Init
                0x08000e8c       0x40 build/can.o
                0x08000e8c                MX_CAN_Init
 .text.HAL_CAN_MspInit
                0x08000ecc       0x78 build/can.o
                0x08000ecc                HAL_CAN_MspInit
 .text.MX_TIM1_Init
                0x08000f44       0x6c build/tim.o
                0x08000f44                MX_TIM1_Init
 .text.MX_TIM6_Init
                0x08000fb0       0x50 build/tim.o
                0x08000fb0                MX_TIM6_Init
 .text.HAL_TIM_Encoder_MspInit
                0x08001000       0x64 build/tim.o
                0x08001000                HAL_TIM_Encoder_MspInit
 .text.HAL_TIM_PWM_MspInit
                0x08001064       0x26 build/tim.o
                0x08001064                HAL_TIM_PWM_MspInit
 *fill*         0x0800108a        0x2 
 .text.HAL_TIM_Base_MspInit
                0x0800108c       0x40 build/tim.o
                0x0800108c                HAL_TIM_Base_MspInit
 .text.HAL_TIM_MspPostInit
                0x080010cc       0x4c build/tim.o
                0x080010cc                HAL_TIM_MspPostInit
 .text.MX_TIM2_Init
                0x08001118       0x90 build/tim.o
                0x08001118                MX_TIM2_Init
 .text.MX_USART1_UART_Init
                0x080011a8       0x38 build/usart.o
                0x080011a8                MX_USART1_UART_Init
 .text.HAL_UART_MspInit
                0x080011e0       0x68 build/usart.o
                0x080011e0                HAL_UART_MspInit
 .text.NMI_Handler
                0x08001248        0x2 build/stm32f3xx_it.o
                0x08001248                NMI_Handler
 .text.HardFault_Handler
                0x0800124a        0x2 build/stm32f3xx_it.o
                0x0800124a                HardFault_Handler
 .text.MemManage_Handler
                0x0800124c        0x2 build/stm32f3xx_it.o
                0x0800124c                MemManage_Handler
 .text.BusFault_Handler
                0x0800124e        0x2 build/stm32f3xx_it.o
                0x0800124e                BusFault_Handler
 .text.UsageFault_Handler
                0x08001250        0x2 build/stm32f3xx_it.o
                0x08001250                UsageFault_Handler
 .text.SVC_Handler
                0x08001252        0x2 build/stm32f3xx_it.o
                0x08001252                SVC_Handler
 .text.DebugMon_Handler
                0x08001254        0x2 build/stm32f3xx_it.o
                0x08001254                DebugMon_Handler
 .text.PendSV_Handler
                0x08001256        0x2 build/stm32f3xx_it.o
                0x08001256                PendSV_Handler
 .text.SysTick_Handler
                0x08001258        0x8 build/stm32f3xx_it.o
                0x08001258                SysTick_Handler
 .text.CAN_RX0_IRQHandler
                0x08001260       0x10 build/stm32f3xx_it.o
                0x08001260                CAN_RX0_IRQHandler
 .text.TIM6_DAC1_IRQHandler
                0x08001270       0x10 build/stm32f3xx_it.o
                0x08001270                TIM6_DAC1_IRQHandler
 .text.HAL_MspInit
                0x08001280       0x30 build/stm32f3xx_hal_msp.o
                0x08001280                HAL_MspInit
 .text.HAL_CAN_Init
                0x080012b0      0x14c build/stm32f3xx_hal_can.o
                0x080012b0                HAL_CAN_Init
 .text.HAL_CAN_ConfigFilter
                0x080013fc      0x106 build/stm32f3xx_hal_can.o
                0x080013fc                HAL_CAN_ConfigFilter
 .text.HAL_CAN_Start
                0x08001502       0x5c build/stm32f3xx_hal_can.o
                0x08001502                HAL_CAN_Start
 .text.HAL_CAN_AddTxMessage
                0x0800155e       0xea build/stm32f3xx_hal_can.o
                0x0800155e                HAL_CAN_AddTxMessage
 .text.HAL_CAN_GetRxMessage
                0x08001648      0x16a build/stm32f3xx_hal_can.o
                0x08001648                HAL_CAN_GetRxMessage
 .text.HAL_CAN_ActivateNotification
                0x080017b2       0x24 build/stm32f3xx_hal_can.o
                0x080017b2                HAL_CAN_ActivateNotification
 .text.HAL_CAN_TxMailbox0CompleteCallback
                0x080017d6        0x2 build/stm32f3xx_hal_can.o
                0x080017d6                HAL_CAN_TxMailbox0CompleteCallback
 .text.HAL_CAN_TxMailbox1CompleteCallback
                0x080017d8        0x2 build/stm32f3xx_hal_can.o
                0x080017d8                HAL_CAN_TxMailbox1CompleteCallback
 .text.HAL_CAN_TxMailbox2CompleteCallback
                0x080017da        0x2 build/stm32f3xx_hal_can.o
                0x080017da                HAL_CAN_TxMailbox2CompleteCallback
 .text.HAL_CAN_TxMailbox0AbortCallback
                0x080017dc        0x2 build/stm32f3xx_hal_can.o
                0x080017dc                HAL_CAN_TxMailbox0AbortCallback
 .text.HAL_CAN_TxMailbox1AbortCallback
                0x080017de        0x2 build/stm32f3xx_hal_can.o
                0x080017de                HAL_CAN_TxMailbox1AbortCallback
 .text.HAL_CAN_TxMailbox2AbortCallback
                0x080017e0        0x2 build/stm32f3xx_hal_can.o
                0x080017e0                HAL_CAN_TxMailbox2AbortCallback
 .text.HAL_CAN_RxFifo0FullCallback
                0x080017e2        0x2 build/stm32f3xx_hal_can.o
                0x080017e2                HAL_CAN_RxFifo0FullCallback
 .text.HAL_CAN_RxFifo1MsgPendingCallback
                0x080017e4        0x2 build/stm32f3xx_hal_can.o
                0x080017e4                HAL_CAN_RxFifo1MsgPendingCallback
 .text.HAL_CAN_RxFifo1FullCallback
                0x080017e6        0x2 build/stm32f3xx_hal_can.o
                0x080017e6                HAL_CAN_RxFifo1FullCallback
 .text.HAL_CAN_SleepCallback
                0x080017e8        0x2 build/stm32f3xx_hal_can.o
                0x080017e8                HAL_CAN_SleepCallback
 .text.HAL_CAN_WakeUpFromRxMsgCallback
                0x080017ea        0x2 build/stm32f3xx_hal_can.o
                0x080017ea                HAL_CAN_WakeUpFromRxMsgCallback
 .text.HAL_CAN_ErrorCallback
                0x080017ec        0x2 build/stm32f3xx_hal_can.o
                0x080017ec                HAL_CAN_ErrorCallback
 .text.HAL_CAN_IRQHandler
                0x080017ee      0x250 build/stm32f3xx_hal_can.o
                0x080017ee                HAL_CAN_IRQHandler
 *fill*         0x08001a3e        0x2 
 .text.HAL_InitTick
                0x08001a40       0x4c build/stm32f3xx_hal.o
                0x08001a40                HAL_InitTick
 .text.HAL_Init
                0x08001a8c       0x24 build/stm32f3xx_hal.o
                0x08001a8c                HAL_Init
 .text.HAL_IncTick
                0x08001ab0       0x18 build/stm32f3xx_hal.o
                0x08001ab0                HAL_IncTick
 .text.HAL_GetTick
                0x08001ac8        0xc build/stm32f3xx_hal.o
                0x08001ac8                HAL_GetTick
 .text.HAL_Delay
                0x08001ad4       0x28 build/stm32f3xx_hal.o
                0x08001ad4                HAL_Delay
 .text.HAL_RCC_OscConfig
                0x08001afc      0x630 build/stm32f3xx_hal_rcc.o
                0x08001afc                HAL_RCC_OscConfig
 .text.HAL_RCC_GetSysClockFreq
                0x0800212c       0x54 build/stm32f3xx_hal_rcc.o
                0x0800212c                HAL_RCC_GetSysClockFreq
 .text.HAL_RCC_ClockConfig
                0x08002180      0x1a8 build/stm32f3xx_hal_rcc.o
                0x08002180                HAL_RCC_ClockConfig
 .text.HAL_RCC_GetHCLKFreq
                0x08002328        0xc build/stm32f3xx_hal_rcc.o
                0x08002328                HAL_RCC_GetHCLKFreq
 .text.HAL_RCC_GetPCLK1Freq
                0x08002334       0x2c build/stm32f3xx_hal_rcc.o
                0x08002334                HAL_RCC_GetPCLK1Freq
 .text.HAL_RCC_GetPCLK2Freq
                0x08002360       0x2c build/stm32f3xx_hal_rcc.o
                0x08002360                HAL_RCC_GetPCLK2Freq
 .text.HAL_RCCEx_PeriphCLKConfig
                0x0800238c      0x18c build/stm32f3xx_hal_rcc_ex.o
                0x0800238c                HAL_RCCEx_PeriphCLKConfig
 .text.HAL_GPIO_Init
                0x08002518      0x1bc build/stm32f3xx_hal_gpio.o
                0x08002518                HAL_GPIO_Init
 .text.HAL_GPIO_ReadPin
                0x080026d4        0xe build/stm32f3xx_hal_gpio.o
                0x080026d4                HAL_GPIO_ReadPin
 .text.HAL_GPIO_WritePin
                0x080026e2        0xa build/stm32f3xx_hal_gpio.o
                0x080026e2                HAL_GPIO_WritePin
 .text.HAL_GPIO_TogglePin
                0x080026ec       0x12 build/stm32f3xx_hal_gpio.o
                0x080026ec                HAL_GPIO_TogglePin
 *fill*         0x080026fe        0x2 
 .text.__NVIC_SetPriority
                0x08002700       0x28 build/stm32f3xx_hal_cortex.o
 .text.NVIC_EncodePriority
                0x08002728       0x3e build/stm32f3xx_hal_cortex.o
 *fill*         0x08002766        0x2 
 .text.HAL_NVIC_SetPriorityGrouping
                0x08002768       0x24 build/stm32f3xx_hal_cortex.o
                0x08002768                HAL_NVIC_SetPriorityGrouping
 .text.HAL_NVIC_SetPriority
                0x0800278c       0x20 build/stm32f3xx_hal_cortex.o
                0x0800278c                HAL_NVIC_SetPriority
 .text.HAL_NVIC_EnableIRQ
                0x080027ac       0x1c build/stm32f3xx_hal_cortex.o
                0x080027ac                HAL_NVIC_EnableIRQ
 .text.HAL_SYSTICK_Config
                0x080027c8       0x28 build/stm32f3xx_hal_cortex.o
                0x080027c8                HAL_SYSTICK_Config
 .text.TIM_OC1_SetConfig
                0x080027f0       0x8c build/stm32f3xx_hal_tim.o
 .text.TIM_OC3_SetConfig
                0x0800287c       0x7c build/stm32f3xx_hal_tim.o
 .text.TIM_OC4_SetConfig
                0x080028f8       0x64 build/stm32f3xx_hal_tim.o
 .text.TIM_OC5_SetConfig
                0x0800295c       0x60 build/stm32f3xx_hal_tim.o
 .text.TIM_OC6_SetConfig
                0x080029bc       0x64 build/stm32f3xx_hal_tim.o
 .text.HAL_TIM_Base_Start_IT
                0x08002a20       0x74 build/stm32f3xx_hal_tim.o
                0x08002a20                HAL_TIM_Base_Start_IT
 .text.HAL_TIM_OC_DelayElapsedCallback
                0x08002a94        0x2 build/stm32f3xx_hal_tim.o
                0x08002a94                HAL_TIM_OC_DelayElapsedCallback
 .text.HAL_TIM_IC_CaptureCallback
                0x08002a96        0x2 build/stm32f3xx_hal_tim.o
                0x08002a96                HAL_TIM_IC_CaptureCallback
 .text.HAL_TIM_PWM_PulseFinishedCallback
                0x08002a98        0x2 build/stm32f3xx_hal_tim.o
                0x08002a98                HAL_TIM_PWM_PulseFinishedCallback
 .text.HAL_TIM_TriggerCallback
                0x08002a9a        0x2 build/stm32f3xx_hal_tim.o
                0x08002a9a                HAL_TIM_TriggerCallback
 .text.HAL_TIM_IRQHandler
                0x08002a9c      0x17a build/stm32f3xx_hal_tim.o
                0x08002a9c                HAL_TIM_IRQHandler
 *fill*         0x08002c16        0x2 
 .text.TIM_Base_SetConfig
                0x08002c18       0xa0 build/stm32f3xx_hal_tim.o
                0x08002c18                TIM_Base_SetConfig
 .text.HAL_TIM_Base_Init
                0x08002cb8       0x60 build/stm32f3xx_hal_tim.o
                0x08002cb8                HAL_TIM_Base_Init
 .text.HAL_TIM_PWM_Init
                0x08002d18       0x60 build/stm32f3xx_hal_tim.o
                0x08002d18                HAL_TIM_PWM_Init
 .text.HAL_TIM_Encoder_Init
                0x08002d78       0xb0 build/stm32f3xx_hal_tim.o
                0x08002d78                HAL_TIM_Encoder_Init
 .text.TIM_OC2_SetConfig
                0x08002e28       0x7c build/stm32f3xx_hal_tim.o
                0x08002e28                TIM_OC2_SetConfig
 .text.HAL_TIM_PWM_ConfigChannel
                0x08002ea4      0x13a build/stm32f3xx_hal_tim.o
                0x08002ea4                HAL_TIM_PWM_ConfigChannel
 .text.TIM_CCxChannelCmd
                0x08002fde       0x1e build/stm32f3xx_hal_tim.o
                0x08002fde                TIM_CCxChannelCmd
 .text.HAL_TIM_PWM_Start
                0x08002ffc      0x13c build/stm32f3xx_hal_tim.o
                0x08002ffc                HAL_TIM_PWM_Start
 .text.HAL_TIM_Encoder_Start
                0x08003138       0xcc build/stm32f3xx_hal_tim.o
                0x08003138                HAL_TIM_Encoder_Start
 .text.HAL_TIMEx_MasterConfigSynchronization
                0x08003204       0x78 build/stm32f3xx_hal_tim_ex.o
                0x08003204                HAL_TIMEx_MasterConfigSynchronization
 .text.HAL_TIMEx_CommutCallback
                0x0800327c        0x2 build/stm32f3xx_hal_tim_ex.o
                0x0800327c                HAL_TIMEx_CommutCallback
 .text.HAL_TIMEx_BreakCallback
                0x0800327e        0x2 build/stm32f3xx_hal_tim_ex.o
                0x0800327e                HAL_TIMEx_BreakCallback
 .text.HAL_TIMEx_Break2Callback
                0x08003280        0x2 build/stm32f3xx_hal_tim_ex.o
                0x08003280                HAL_TIMEx_Break2Callback
 .text.UART_EndRxTransfer
                0x08003282       0x52 build/stm32f3xx_hal_uart.o
 .text.UART_SetConfig
                0x080032d4      0x164 build/stm32f3xx_hal_uart.o
                0x080032d4                UART_SetConfig
 .text.UART_AdvFeatureConfig
                0x08003438       0xca build/stm32f3xx_hal_uart.o
                0x08003438                UART_AdvFeatureConfig
 .text.UART_WaitOnFlagUntilTimeout
                0x08003502       0x9e build/stm32f3xx_hal_uart.o
                0x08003502                UART_WaitOnFlagUntilTimeout
 .text.UART_CheckIdleState
                0x080035a0       0xc6 build/stm32f3xx_hal_uart.o
                0x080035a0                UART_CheckIdleState
 .text.HAL_UART_Init
                0x08003666       0x62 build/stm32f3xx_hal_uart.o
                0x08003666                HAL_UART_Init
 .text.SystemInit
                0x080036c8       0x14 build/system_stm32f3xx.o
                0x080036c8                SystemInit
 .text._Z41__static_initialization_and_destruction_0v
                0x080036dc       0x1c build/main.o
 .text.HAL_CAN_RxFifo0MsgPendingCallback
                0x080036f8       0x10 build/main.o
                0x080036f8                HAL_CAN_RxFifo0MsgPendingCallback
 .text.HAL_TIM_PeriodElapsedCallback
                0x08003708       0x1c build/main.o
                0x08003708                HAL_TIM_PeriodElapsedCallback
 .text.Error_Handler
                0x08003724        0x4 build/main.o
                0x08003724                Error_Handler
 .text._Z18SystemClock_Configv
                0x08003728       0x84 build/main.o
                0x08003728                SystemClock_Config()
 .text.main     0x080037ac       0x34 build/main.o
                0x080037ac                main
 .text._GLOBAL__sub_I_app
                0x080037e0        0x8 build/main.o
 .text._ZN13MDDataManagerILb0EE4sendEtPhh
                0x080037e8        0x2 build/app.o
                0x080037e8                MDDataManager<false>::send(unsigned short, unsigned char*, unsigned char)
 *fill*         0x080037ea        0x2 
 .text._Z41__static_initialization_and_destruction_0v
                0x080037ec       0x24 build/app.o
 .text._ZN9CANDriver4sendEtPhh
                0x08003810       0x40 build/app.o
                0x08003810                CANDriver::send(unsigned short, unsigned char*, unsigned char)
 .text._ZN9CANDriver4initEv
                0x08003850       0x3c build/app.o
                0x08003850                CANDriver::init()
 .text._ZN3App12update_md_idEv
                0x0800388c       0x50 build/app.o
                0x0800388c                App::update_md_id()
 .text._ZN3App4initEv
                0x080038dc       0x30 build/app.o
                0x080038dc                App::init()
 .text._ZN13MDDataManagerILb0EE7receiveEtPhh
                0x0800390c       0x9e build/app.o
                0x0800390c                MDDataManager<false>::receive(unsigned short, unsigned char*, unsigned char)
 .text._ZN9CANDriver20can_callback_processEP17CAN_HandleTypeDef
                0x080039aa       0x30 build/app.o
                0x080039aa                CANDriver::can_callback_process(CAN_HandleTypeDef*)
 *fill*         0x080039da        0x2 
 .text._ZN3App20can_callback_processEP17CAN_HandleTypeDef
                0x080039dc       0x10 build/app.o
                0x080039dc                App::can_callback_process(CAN_HandleTypeDef*)
 .text._ZN13MDDataManagerILb0EE17send_limit_switchEh
                0x080039ec       0x2a build/app.o
                0x080039ec                MDDataManager<false>::send_limit_switch(unsigned char)
 *fill*         0x08003a16        0x2 
 .text._ZN3App9main_loopEv
                0x08003a18      0x1e0 build/app.o
                0x08003a18                App::main_loop()
 .text._ZN13MDDataManagerILb0EE11send_targetEs
                0x08003bf8       0x30 build/app.o
                0x08003bf8                MDDataManager<false>::send_target(short)
 .text._ZN3App10timer_taskEv
                0x08003c28       0x30 build/app.o
                0x08003c28                App::timer_task()
 .text._GLOBAL__sub_I_can_driver
                0x08003c58        0x8 build/app.o
 .text._ZN15MotorController4initEh
                0x08003c60       0x40 build/motor_controller.o
                0x08003c60                MotorController::init(unsigned char)
 .text._ZN15MotorController9get_countEv
                0x08003ca0       0x10 build/motor_controller.o
                0x08003ca0                MotorController::get_count()
 .text._ZN15MotorController19trapezoidal_controlEsh
                0x08003cb0       0x38 build/motor_controller.o
                0x08003cb0                MotorController::trapezoidal_control(short, unsigned char)
 .text._ZN15MotorController12set_pid_gainEfff
                0x08003ce8        0xe build/motor_controller.o
                0x08003ce8                MotorController::set_pid_gain(float, float, float)
 .text._ZN15MotorController9reset_pidEv
                0x08003cf6        0x8 build/motor_controller.o
                0x08003cf6                MotorController::reset_pid()
 .text._ZN15MotorController9set_brakeEb
                0x08003cfe       0x20 build/motor_controller.o
                0x08003cfe                MotorController::set_brake(bool)
 .text._ZN15MotorController8saturateIiEET_S1_S1_S1_
                0x08003d1e       0x14 build/motor_controller.o
                0x08003d1e                int MotorController::saturate<int>(int, int, int)
 *fill*         0x08003d32        0x2 
 .text._ZN15MotorController3runEst
                0x08003d34       0x44 build/motor_controller.o
                0x08003d34                MotorController::run(short, unsigned short)
 .text._ZN15MotorController8saturateIfEET_S1_S1_S1_
                0x08003d78       0x20 build/motor_controller.o
                0x08003d78                float MotorController::saturate<float>(float, float, float)
 .text._ZN15MotorController13calculate_pidEff
                0x08003d98       0x98 build/motor_controller.o
                0x08003d98                MotorController::calculate_pid(float, float)
 .text._ZN10can_config9encode_idEhhhh
                0x08003e30       0x1e build/can_config.o
                0x08003e30                can_config::encode_id(unsigned char, unsigned char, unsigned char, unsigned char)
 .text._ZN10can_config9decode_idEtRhS0_S0_S0_
                0x08003e4e       0x1e build/can_config.o
                0x08003e4e                can_config::decode_id(unsigned short, unsigned char&, unsigned char&, unsigned char&, unsigned char&)
 .text.Reset_Handler
                0x08003e6c       0x50 build/startup_stm32f303x8.o
                0x08003e6c                Reset_Handler
 .text.Default_Handler
                0x08003ebc        0x2 build/startup_stm32f303x8.o
                0x08003ebc                RTC_Alarm_IRQHandler
                0x08003ebc                TIM1_CC_IRQHandler
                0x08003ebc                PVD_IRQHandler
                0x08003ebc                TAMP_STAMP_IRQHandler
                0x08003ebc                EXTI3_IRQHandler
                0x08003ebc                EXTI0_IRQHandler
                0x08003ebc                FPU_IRQHandler
                0x08003ebc                CAN_TX_IRQHandler
                0x08003ebc                TIM1_UP_TIM16_IRQHandler
                0x08003ebc                ADC1_2_IRQHandler
                0x08003ebc                SPI1_IRQHandler
                0x08003ebc                CAN_SCE_IRQHandler
                0x08003ebc                DMA1_Channel4_IRQHandler
                0x08003ebc                USART3_IRQHandler
                0x08003ebc                DMA1_Channel7_IRQHandler
                0x08003ebc                TIM7_DAC2_IRQHandler
                0x08003ebc                CAN_RX1_IRQHandler
                0x08003ebc                I2C1_EV_IRQHandler
                0x08003ebc                DMA1_Channel6_IRQHandler
                0x08003ebc                TIM3_IRQHandler
                0x08003ebc                RCC_IRQHandler
                0x08003ebc                DMA1_Channel1_IRQHandler
                0x08003ebc                Default_Handler
                0x08003ebc                EXTI15_10_IRQHandler
                0x08003ebc                COMP2_IRQHandler
                0x08003ebc                EXTI9_5_IRQHandler
                0x08003ebc                RTC_WKUP_IRQHandler
                0x08003ebc                DMA1_Channel5_IRQHandler
                0x08003ebc                EXTI4_IRQHandler
                0x08003ebc                TIM1_TRG_COM_TIM17_IRQHandler
                0x08003ebc                DMA1_Channel3_IRQHandler
                0x08003ebc                WWDG_IRQHandler
                0x08003ebc                TIM2_IRQHandler
                0x08003ebc                EXTI1_IRQHandler
                0x08003ebc                COMP4_6_IRQHandler
                0x08003ebc                USART2_IRQHandler
                0x08003ebc                DMA1_Channel2_IRQHandler
                0x08003ebc                FLASH_IRQHandler
                0x08003ebc                USART1_IRQHandler
                0x08003ebc                I2C1_ER_IRQHandler
                0x08003ebc                EXTI2_TSC_IRQHandler
                0x08003ebc                TIM1_BRK_TIM15_IRQHandler
 *fill*         0x08003ebe        0x2 
 .text.selfrel_offset31
                0x08003ec0       0x14 C:/Program Files (x86)/Arm GNU Toolchain arm-none-eabi/14.2 rel1/bin/../lib/gcc/arm-none-eabi/14.2.1/thumb/v7e-m+fp/hard\libgcc.a(unwind-arm.o)
 .text.search_EIT_table
                0x08003ed4       0x68 C:/Program Files (x86)/Arm GNU Toolchain arm-none-eabi/14.2 rel1/bin/../lib/gcc/arm-none-eabi/14.2.1/thumb/v7e-m+fp/hard\libgcc.a(unwind-arm.o)
 .text.__gnu_unwind_get_pr_addr
                0x08003f3c       0x28 C:/Program Files (x86)/Arm GNU Toolchain arm-none-eabi/14.2 rel1/bin/../lib/gcc/arm-none-eabi/14.2.1/thumb/v7e-m+fp/hard\libgcc.a(unwind-arm.o)
 .text.get_eit_entry
                0x08003f64       0x98 C:/Program Files (x86)/Arm GNU Toolchain arm-none-eabi/14.2 rel1/bin/../lib/gcc/arm-none-eabi/14.2.1/thumb/v7e-m+fp/hard\libgcc.a(unwind-arm.o)
 .text.restore_non_core_regs
                0x08003ffc       0x58 C:/Program Files (x86)/Arm GNU Toolchain arm-none-eabi/14.2 rel1/bin/../lib/gcc/arm-none-eabi/14.2.1/thumb/v7e-m+fp/hard\libgcc.a(unwind-arm.o)
 .text._Unwind_decode_typeinfo_ptr.constprop.0
                0x08004054        0xc C:/Program Files (x86)/Arm GNU Toolchain arm-none-eabi/14.2 rel1/bin/../lib/gcc/arm-none-eabi/14.2.1/thumb/v7e-m+fp/hard\libgcc.a(unwind-arm.o)
 .text._Unwind_DebugHook
                0x08004060        0x4 C:/Program Files (x86)/Arm GNU Toolchain arm-none-eabi/14.2 rel1/bin/../lib/gcc/arm-none-eabi/14.2.1/thumb/v7e-m+fp/hard\libgcc.a(unwind-arm.o)
 .text.unwind_phase2
                0x08004064       0x3c C:/Program Files (x86)/Arm GNU Toolchain arm-none-eabi/14.2 rel1/bin/../lib/gcc/arm-none-eabi/14.2.1/thumb/v7e-m+fp/hard\libgcc.a(unwind-arm.o)
 .text.unwind_phase2_forced
                0x080040a0       0xdc C:/Program Files (x86)/Arm GNU Toolchain arm-none-eabi/14.2 rel1/bin/../lib/gcc/arm-none-eabi/14.2.1/thumb/v7e-m+fp/hard\libgcc.a(unwind-arm.o)
 .text.__gnu_Unwind_RaiseException
                0x0800417c       0x6c C:/Program Files (x86)/Arm GNU Toolchain arm-none-eabi/14.2 rel1/bin/../lib/gcc/arm-none-eabi/14.2.1/thumb/v7e-m+fp/hard\libgcc.a(unwind-arm.o)
                0x0800417c                __gnu_Unwind_RaiseException
 .text.__gnu_Unwind_ForcedUnwind
                0x080041e8       0x10 C:/Program Files (x86)/Arm GNU Toolchain arm-none-eabi/14.2 rel1/bin/../lib/gcc/arm-none-eabi/14.2.1/thumb/v7e-m+fp/hard\libgcc.a(unwind-arm.o)
                0x080041e8                __gnu_Unwind_ForcedUnwind
 .text.__gnu_Unwind_Resume
                0x080041f8       0x44 C:/Program Files (x86)/Arm GNU Toolchain arm-none-eabi/14.2 rel1/bin/../lib/gcc/arm-none-eabi/14.2.1/thumb/v7e-m+fp/hard\libgcc.a(unwind-arm.o)
                0x080041f8                __gnu_Unwind_Resume
 .text.__gnu_Unwind_Resume_or_Rethrow
                0x0800423c       0x1c C:/Program Files (x86)/Arm GNU Toolchain arm-none-eabi/14.2 rel1/bin/../lib/gcc/arm-none-eabi/14.2.1/thumb/v7e-m+fp/hard\libgcc.a(unwind-arm.o)
                0x0800423c                __gnu_Unwind_Resume_or_Rethrow
 .text._Unwind_VRS_Get
                0x08004258       0x34 C:/Program Files (x86)/Arm GNU Toolchain arm-none-eabi/14.2 rel1/bin/../lib/gcc/arm-none-eabi/14.2.1/thumb/v7e-m+fp/hard\libgcc.a(unwind-arm.o)
                0x08004258                _Unwind_VRS_Get
 .text._Unwind_GetGR
                0x0800428c       0x1c C:/Program Files (x86)/Arm GNU Toolchain arm-none-eabi/14.2 rel1/bin/../lib/gcc/arm-none-eabi/14.2.1/thumb/v7e-m+fp/hard\libgcc.a(unwind-arm.o)
 .text._Unwind_VRS_Set
                0x080042a8       0x34 C:/Program Files (x86)/Arm GNU Toolchain arm-none-eabi/14.2 rel1/bin/../lib/gcc/arm-none-eabi/14.2.1/thumb/v7e-m+fp/hard\libgcc.a(unwind-arm.o)
                0x080042a8                _Unwind_VRS_Set
 .text._Unwind_SetGR
                0x080042dc       0x18 C:/Program Files (x86)/Arm GNU Toolchain arm-none-eabi/14.2 rel1/bin/../lib/gcc/arm-none-eabi/14.2.1/thumb/v7e-m+fp/hard\libgcc.a(unwind-arm.o)
 .text.__gnu_Unwind_Backtrace
                0x080042f4       0x90 C:/Program Files (x86)/Arm GNU Toolchain arm-none-eabi/14.2 rel1/bin/../lib/gcc/arm-none-eabi/14.2.1/thumb/v7e-m+fp/hard\libgcc.a(unwind-arm.o)
                0x080042f4                __gnu_Unwind_Backtrace
 .text.__gnu_unwind_pr_common
                0x08004384      0x2a8 C:/Program Files (x86)/Arm GNU Toolchain arm-none-eabi/14.2 rel1/bin/../lib/gcc/arm-none-eabi/14.2.1/thumb/v7e-m+fp/hard\libgcc.a(unwind-arm.o)
 .text.__aeabi_unwind_cpp_pr0
                0x0800462c        0x8 C:/Program Files (x86)/Arm GNU Toolchain arm-none-eabi/14.2 rel1/bin/../lib/gcc/arm-none-eabi/14.2.1/thumb/v7e-m+fp/hard\libgcc.a(unwind-arm.o)
                0x0800462c                __aeabi_unwind_cpp_pr0
 .text.__aeabi_unwind_cpp_pr1
                0x08004634        0x8 C:/Program Files (x86)/Arm GNU Toolchain arm-none-eabi/14.2 rel1/bin/../lib/gcc/arm-none-eabi/14.2.1/thumb/v7e-m+fp/hard\libgcc.a(unwind-arm.o)
                0x08004634                __aeabi_unwind_cpp_pr1
 .text.__aeabi_unwind_cpp_pr2
                0x0800463c        0x8 C:/Program Files (x86)/Arm GNU Toolchain arm-none-eabi/14.2 rel1/bin/../lib/gcc/arm-none-eabi/14.2.1/thumb/v7e-m+fp/hard\libgcc.a(unwind-arm.o)
                0x0800463c                __aeabi_unwind_cpp_pr2
 .text._Unwind_VRS_Pop
                0x08004644      0x2ec C:/Program Files (x86)/Arm GNU Toolchain arm-none-eabi/14.2 rel1/bin/../lib/gcc/arm-none-eabi/14.2.1/thumb/v7e-m+fp/hard\libgcc.a(unwind-arm.o)
                0x08004644                _Unwind_VRS_Pop
 .text.next_unwind_byte
                0x08004930       0x38 C:/Program Files (x86)/Arm GNU Toolchain arm-none-eabi/14.2 rel1/bin/../lib/gcc/arm-none-eabi/14.2.1/thumb/v7e-m+fp/hard\libgcc.a(pr-support.o)
 .text.__gnu_unwind_execute
                0x08004968      0x300 C:/Program Files (x86)/Arm GNU Toolchain arm-none-eabi/14.2 rel1/bin/../lib/gcc/arm-none-eabi/14.2.1/thumb/v7e-m+fp/hard\libgcc.a(pr-support.o)
                0x08004968                __gnu_unwind_execute
 .text.findslot
                0x08004c68       0x34 C:/Program Files (x86)/Arm GNU Toolchain arm-none-eabi/14.2 rel1/bin/../lib/gcc/arm-none-eabi/14.2.1/thumb/v7e-m+fp/hard\librdimon_nano.a(arm_librdimon_a-syscalls.o)
 .text.error    0x08004c9c       0x1c C:/Program Files (x86)/Arm GNU Toolchain arm-none-eabi/14.2 rel1/bin/../lib/gcc/arm-none-eabi/14.2.1/thumb/v7e-m+fp/hard\librdimon_nano.a(arm_librdimon_a-syscalls.o)
 .text.checkerror
                0x08004cb8        0xa C:/Program Files (x86)/Arm GNU Toolchain arm-none-eabi/14.2 rel1/bin/../lib/gcc/arm-none-eabi/14.2.1/thumb/v7e-m+fp/hard\librdimon_nano.a(arm_librdimon_a-syscalls.o)
 .text._swiread
                0x08004cc2       0x20 C:/Program Files (x86)/Arm GNU Toolchain arm-none-eabi/14.2 rel1/bin/../lib/gcc/arm-none-eabi/14.2.1/thumb/v7e-m+fp/hard\librdimon_nano.a(arm_librdimon_a-syscalls.o)
                0x08004cc2                _swiread
 .text._read    0x08004ce2       0x34 C:/Program Files (x86)/Arm GNU Toolchain arm-none-eabi/14.2 rel1/bin/../lib/gcc/arm-none-eabi/14.2.1/thumb/v7e-m+fp/hard\librdimon_nano.a(arm_librdimon_a-syscalls.o)
                0x08004ce2                _read
 .text._swilseek
                0x08004d16       0x78 C:/Program Files (x86)/Arm GNU Toolchain arm-none-eabi/14.2 rel1/bin/../lib/gcc/arm-none-eabi/14.2.1/thumb/v7e-m+fp/hard\librdimon_nano.a(arm_librdimon_a-syscalls.o)
                0x08004d16                _swilseek
 .text._lseek   0x08004d8e        0x4 C:/Program Files (x86)/Arm GNU Toolchain arm-none-eabi/14.2 rel1/bin/../lib/gcc/arm-none-eabi/14.2.1/thumb/v7e-m+fp/hard\librdimon_nano.a(arm_librdimon_a-syscalls.o)
                0x08004d8e                _lseek
 .text._swiwrite
                0x08004d92       0x20 C:/Program Files (x86)/Arm GNU Toolchain arm-none-eabi/14.2 rel1/bin/../lib/gcc/arm-none-eabi/14.2.1/thumb/v7e-m+fp/hard\librdimon_nano.a(arm_librdimon_a-syscalls.o)
                0x08004d92                _swiwrite
 .text._write   0x08004db2       0x40 C:/Program Files (x86)/Arm GNU Toolchain arm-none-eabi/14.2 rel1/bin/../lib/gcc/arm-none-eabi/14.2.1/thumb/v7e-m+fp/hard\librdimon_nano.a(arm_librdimon_a-syscalls.o)
                0x08004db2                _write
 .text._swiclose
                0x08004df2       0x1a C:/Program Files (x86)/Arm GNU Toolchain arm-none-eabi/14.2 rel1/bin/../lib/gcc/arm-none-eabi/14.2.1/thumb/v7e-m+fp/hard\librdimon_nano.a(arm_librdimon_a-syscalls.o)
                0x08004df2                _swiclose
 .text._close   0x08004e0c       0x4c C:/Program Files (x86)/Arm GNU Toolchain arm-none-eabi/14.2 rel1/bin/../lib/gcc/arm-none-eabi/14.2.1/thumb/v7e-m+fp/hard\librdimon_nano.a(arm_librdimon_a-syscalls.o)
                0x08004e0c                _close
 .text._getpid  0x08004e58        0x4 C:/Program Files (x86)/Arm GNU Toolchain arm-none-eabi/14.2 rel1/bin/../lib/gcc/arm-none-eabi/14.2.1/thumb/v7e-m+fp/hard\librdimon_nano.a(arm_librdimon_a-syscalls.o)
                0x08004e58                _getpid
 .text._sbrk    0x08004e5c       0x48 C:/Program Files (x86)/Arm GNU Toolchain arm-none-eabi/14.2 rel1/bin/../lib/gcc/arm-none-eabi/14.2.1/thumb/v7e-m+fp/hard\librdimon_nano.a(arm_librdimon_a-syscalls.o)
                0x08004e5c                _sbrk
 .text._swistat
                0x08004ea4       0x42 C:/Program Files (x86)/Arm GNU Toolchain arm-none-eabi/14.2 rel1/bin/../lib/gcc/arm-none-eabi/14.2.1/thumb/v7e-m+fp/hard\librdimon_nano.a(arm_librdimon_a-syscalls.o)
                0x08004ea4                _swistat
 .text._fstat   0x08004ee6       0x1c C:/Program Files (x86)/Arm GNU Toolchain arm-none-eabi/14.2 rel1/bin/../lib/gcc/arm-none-eabi/14.2.1/thumb/v7e-m+fp/hard\librdimon_nano.a(arm_librdimon_a-syscalls.o)
                0x08004ee6                _fstat
 .text._stat    0x08004f02       0x3a C:/Program Files (x86)/Arm GNU Toolchain arm-none-eabi/14.2 rel1/bin/../lib/gcc/arm-none-eabi/14.2.1/thumb/v7e-m+fp/hard\librdimon_nano.a(arm_librdimon_a-syscalls.o)
                0x08004f02                _stat
 .text._swiopen
                0x08004f3c       0xb4 C:/Program Files (x86)/Arm GNU Toolchain arm-none-eabi/14.2 rel1/bin/../lib/gcc/arm-none-eabi/14.2.1/thumb/v7e-m+fp/hard\librdimon_nano.a(arm_librdimon_a-syscalls.o)
                0x08004f3c                _swiopen
 .text._get_semihosting_exts
                0x08004ff0       0xb4 C:/Program Files (x86)/Arm GNU Toolchain arm-none-eabi/14.2 rel1/bin/../lib/gcc/arm-none-eabi/14.2.1/thumb/v7e-m+fp/hard\librdimon_nano.a(arm_librdimon_a-syscalls.o)
                0x08004ff0                _get_semihosting_exts
 .text.initialise_semihosting_exts
                0x080050a4       0x34 C:/Program Files (x86)/Arm GNU Toolchain arm-none-eabi/14.2 rel1/bin/../lib/gcc/arm-none-eabi/14.2.1/thumb/v7e-m+fp/hard\librdimon_nano.a(arm_librdimon_a-syscalls.o)
 .text._has_ext_exit_extended
                0x080050d8       0x18 C:/Program Files (x86)/Arm GNU Toolchain arm-none-eabi/14.2 rel1/bin/../lib/gcc/arm-none-eabi/14.2.1/thumb/v7e-m+fp/hard\librdimon_nano.a(arm_librdimon_a-syscalls.o)
                0x080050d8                _has_ext_exit_extended
 .text._isatty  0x080050f0       0x3a C:/Program Files (x86)/Arm GNU Toolchain arm-none-eabi/14.2 rel1/bin/../lib/gcc/arm-none-eabi/14.2.1/thumb/v7e-m+fp/hard\librdimon_nano.a(arm_librdimon_a-syscalls.o)
                0x080050f0                _isatty
 .text._ZNK10__cxxabiv117__class_type_info11__do_upcastEPKS0_PPv
                0x0800512a       0x32 C:/Program Files (x86)/Arm GNU Toolchain arm-none-eabi/14.2 rel1/bin/../lib/gcc/arm-none-eabi/14.2.1/thumb/v7e-m+fp/hard\libstdc++_nano.a(class_type_info.o)
                0x0800512a                __cxxabiv1::__class_type_info::__do_upcast(__cxxabiv1::__class_type_info const*, void**) const
 .text._ZNK10__cxxabiv117__class_type_info20__do_find_public_srcEiPKvPKS0_S2_
                0x0800515c        0xc C:/Program Files (x86)/Arm GNU Toolchain arm-none-eabi/14.2 rel1/bin/../lib/gcc/arm-none-eabi/14.2.1/thumb/v7e-m+fp/hard\libstdc++_nano.a(class_type_info.o)
                0x0800515c                __cxxabiv1::__class_type_info::__do_find_public_src(int, void const*, __cxxabiv1::__class_type_info const*, void const*) const
 .text._ZN10__cxxabiv117__class_type_infoD2Ev
                0x08005168       0x14 C:/Program Files (x86)/Arm GNU Toolchain arm-none-eabi/14.2 rel1/bin/../lib/gcc/arm-none-eabi/14.2.1/thumb/v7e-m+fp/hard\libstdc++_nano.a(class_type_info.o)
                0x08005168                __cxxabiv1::__class_type_info::~__class_type_info()
                0x08005168                __cxxabiv1::__class_type_info::~__class_type_info()
 .text._ZN10__cxxabiv117__class_type_infoD0Ev
                0x0800517c       0x14 C:/Program Files (x86)/Arm GNU Toolchain arm-none-eabi/14.2 rel1/bin/../lib/gcc/arm-none-eabi/14.2.1/thumb/v7e-m+fp/hard\libstdc++_nano.a(class_type_info.o)
                0x0800517c                __cxxabiv1::__class_type_info::~__class_type_info()
 .text._ZNK10__cxxabiv117__class_type_info12__do_dyncastEiNS0_10__sub_kindEPKS0_PKvS3_S5_RNS0_16__dyncast_resultE
                0x08005190       0x3e C:/Program Files (x86)/Arm GNU Toolchain arm-none-eabi/14.2 rel1/bin/../lib/gcc/arm-none-eabi/14.2.1/thumb/v7e-m+fp/hard\libstdc++_nano.a(class_type_info.o)
                0x08005190                __cxxabiv1::__class_type_info::__do_dyncast(int, __cxxabiv1::__class_type_info::__sub_kind, __cxxabiv1::__class_type_info const*, void const*, __cxxabiv1::__class_type_info const*, void const*, __cxxabiv1::__class_type_info::__dyncast_result&) const
 .text._ZNK10__cxxabiv117__class_type_info11__do_upcastEPKS0_PKvRNS0_15__upcast_resultE
                0x080051ce       0x18 C:/Program Files (x86)/Arm GNU Toolchain arm-none-eabi/14.2 rel1/bin/../lib/gcc/arm-none-eabi/14.2.1/thumb/v7e-m+fp/hard\libstdc++_nano.a(class_type_info.o)
                0x080051ce                __cxxabiv1::__class_type_info::__do_upcast(__cxxabiv1::__class_type_info const*, void const*, __cxxabiv1::__class_type_info::__upcast_result&) const
 .text._ZNK10__cxxabiv117__class_type_info10__do_catchEPKSt9type_infoPPvj
                0x080051e6       0x2a C:/Program Files (x86)/Arm GNU Toolchain arm-none-eabi/14.2 rel1/bin/../lib/gcc/arm-none-eabi/14.2.1/thumb/v7e-m+fp/hard\libstdc++_nano.a(class_type_info.o)
                0x080051e6                __cxxabiv1::__class_type_info::__do_catch(std::type_info const*, void**, unsigned int) const
 .text._ZdlPvj  0x08005210        0x4 C:/Program Files (x86)/Arm GNU Toolchain arm-none-eabi/14.2 rel1/bin/../lib/gcc/arm-none-eabi/14.2.1/thumb/v7e-m+fp/hard\libstdc++_nano.a(del_ops.o)
                0x08005210                operator delete(void*, unsigned int)
 .text._ZN10__cxxabiv120__si_class_type_infoD2Ev
                0x08005214       0x14 C:/Program Files (x86)/Arm GNU Toolchain arm-none-eabi/14.2 rel1/bin/../lib/gcc/arm-none-eabi/14.2.1/thumb/v7e-m+fp/hard\libstdc++_nano.a(si_class_type_info.o)
                0x08005214                __cxxabiv1::__si_class_type_info::~__si_class_type_info()
                0x08005214                __cxxabiv1::__si_class_type_info::~__si_class_type_info()
 .text._ZN10__cxxabiv120__si_class_type_infoD0Ev
                0x08005228       0x14 C:/Program Files (x86)/Arm GNU Toolchain arm-none-eabi/14.2 rel1/bin/../lib/gcc/arm-none-eabi/14.2.1/thumb/v7e-m+fp/hard\libstdc++_nano.a(si_class_type_info.o)
                0x08005228                __cxxabiv1::__si_class_type_info::~__si_class_type_info()
 .text._ZNK10__cxxabiv120__si_class_type_info20__do_find_public_srcEiPKvPKNS_17__class_type_infoES2_
                0x0800523c       0x3c C:/Program Files (x86)/Arm GNU Toolchain arm-none-eabi/14.2 rel1/bin/../lib/gcc/arm-none-eabi/14.2.1/thumb/v7e-m+fp/hard\libstdc++_nano.a(si_class_type_info.o)
                0x0800523c                __cxxabiv1::__si_class_type_info::__do_find_public_src(int, void const*, __cxxabiv1::__class_type_info const*, void const*) const
 .text._ZNK10__cxxabiv120__si_class_type_info12__do_dyncastEiNS_17__class_type_info10__sub_kindEPKS1_PKvS4_S6_RNS1_16__dyncast_resultE
                0x08005278       0x74 C:/Program Files (x86)/Arm GNU Toolchain arm-none-eabi/14.2 rel1/bin/../lib/gcc/arm-none-eabi/14.2.1/thumb/v7e-m+fp/hard\libstdc++_nano.a(si_class_type_info.o)
                0x08005278                __cxxabiv1::__si_class_type_info::__do_dyncast(int, __cxxabiv1::__class_type_info::__sub_kind, __cxxabiv1::__class_type_info const*, void const*, __cxxabiv1::__class_type_info const*, void const*, __cxxabiv1::__class_type_info::__dyncast_result&) const
 .text._ZNK10__cxxabiv120__si_class_type_info11__do_upcastEPKNS_17__class_type_infoEPKvRNS1_15__upcast_resultE
                0x080052ec       0x2a C:/Program Files (x86)/Arm GNU Toolchain arm-none-eabi/14.2 rel1/bin/../lib/gcc/arm-none-eabi/14.2.1/thumb/v7e-m+fp/hard\libstdc++_nano.a(si_class_type_info.o)
                0x080052ec                __cxxabiv1::__si_class_type_info::__do_upcast(__cxxabiv1::__class_type_info const*, void const*, __cxxabiv1::__class_type_info::__upcast_result&) const
 .text._ZNSt9type_infoD2Ev
                0x08005316        0x2 C:/Program Files (x86)/Arm GNU Toolchain arm-none-eabi/14.2 rel1/bin/../lib/gcc/arm-none-eabi/14.2.1/thumb/v7e-m+fp/hard\libstdc++_nano.a(tinfo.o)
                0x08005316                std::type_info::~type_info()
                0x08005316                std::type_info::~type_info()
 .text._ZNKSt9type_info14__is_pointer_pEv
                0x08005318        0x4 C:/Program Files (x86)/Arm GNU Toolchain arm-none-eabi/14.2 rel1/bin/../lib/gcc/arm-none-eabi/14.2.1/thumb/v7e-m+fp/hard\libstdc++_nano.a(tinfo.o)
                0x08005318                std::type_info::__is_pointer_p() const
                0x08005318                std::type_info::__is_function_p() const
 .text._ZNKSt9type_infoeqERKS_
                0x0800531c       0x2c C:/Program Files (x86)/Arm GNU Toolchain arm-none-eabi/14.2 rel1/bin/../lib/gcc/arm-none-eabi/14.2.1/thumb/v7e-m+fp/hard\libstdc++_nano.a(tinfo.o)
                0x0800531c                std::type_info::operator==(std::type_info const&) const
                0x0800531c                std::type_info::__equal(std::type_info const&) const
 .text._ZdlPv   0x08005348        0x4 C:/Program Files (x86)/Arm GNU Toolchain arm-none-eabi/14.2 rel1/bin/../lib/gcc/arm-none-eabi/14.2.1/thumb/v7e-m+fp/hard\libstdc++_nano.a(del_op.o)
                0x08005348                operator delete(void*)
 .text.abort    0x0800534c        0xe C:/Program Files (x86)/Arm GNU Toolchain arm-none-eabi/14.2 rel1/bin/../lib/gcc/arm-none-eabi/14.2.1/thumb/v7e-m+fp/hard\libc_nano.a(libc_a-abort.o)
                0x0800534c                abort
 *fill*         0x0800535a        0x2 
 .text.malloc   0x0800535c       0x10 C:/Program Files (x86)/Arm GNU Toolchain arm-none-eabi/14.2 rel1/bin/../lib/gcc/arm-none-eabi/14.2.1/thumb/v7e-m+fp/hard\libc_nano.a(libc_a-malloc.o)
                0x0800535c                malloc
 .text.free     0x0800536c       0x10 C:/Program Files (x86)/Arm GNU Toolchain arm-none-eabi/14.2 rel1/bin/../lib/gcc/arm-none-eabi/14.2.1/thumb/v7e-m+fp/hard\libc_nano.a(libc_a-malloc.o)
                0x0800536c                free
 .text.sbrk_aligned
                0x0800537c       0x44 C:/Program Files (x86)/Arm GNU Toolchain arm-none-eabi/14.2 rel1/bin/../lib/gcc/arm-none-eabi/14.2.1/thumb/v7e-m+fp/hard\libc_nano.a(libc_a-mallocr.o)
 .text._malloc_r
                0x080053c0      0x100 C:/Program Files (x86)/Arm GNU Toolchain arm-none-eabi/14.2 rel1/bin/../lib/gcc/arm-none-eabi/14.2.1/thumb/v7e-m+fp/hard\libc_nano.a(libc_a-mallocr.o)
                0x080053c0                _malloc_r
 .text.__malloc_lock
                0x080054c0        0xc C:/Program Files (x86)/Arm GNU Toolchain arm-none-eabi/14.2 rel1/bin/../lib/gcc/arm-none-eabi/14.2.1/thumb/v7e-m+fp/hard\libc_nano.a(libc_a-mlock.o)
                0x080054c0                __malloc_lock
 .text.__malloc_unlock
                0x080054cc        0xc C:/Program Files (x86)/Arm GNU Toolchain arm-none-eabi/14.2 rel1/bin/../lib/gcc/arm-none-eabi/14.2.1/thumb/v7e-m+fp/hard\libc_nano.a(libc_a-mlock.o)
                0x080054cc                __malloc_unlock
 .text.__cvt    0x080054d8       0xca C:/Program Files (x86)/Arm GNU Toolchain arm-none-eabi/14.2 rel1/bin/../lib/gcc/arm-none-eabi/14.2.1/thumb/v7e-m+fp/hard\libc_nano.a(libc_a-nano-vfprintf_float.o)
                0x080054d8                __cvt
 .text.__exponent
                0x080055a2       0x74 C:/Program Files (x86)/Arm GNU Toolchain arm-none-eabi/14.2 rel1/bin/../lib/gcc/arm-none-eabi/14.2.1/thumb/v7e-m+fp/hard\libc_nano.a(libc_a-nano-vfprintf_float.o)
                0x080055a2                __exponent
 *fill*         0x08005616        0x2 
 .text._printf_float
                0x08005618      0x450 C:/Program Files (x86)/Arm GNU Toolchain arm-none-eabi/14.2 rel1/bin/../lib/gcc/arm-none-eabi/14.2.1/thumb/v7e-m+fp/hard\libc_nano.a(libc_a-nano-vfprintf_float.o)
                0x08005618                _printf_float
 .text._printf_common
                0x08005a68       0xda C:/Program Files (x86)/Arm GNU Toolchain arm-none-eabi/14.2 rel1/bin/../lib/gcc/arm-none-eabi/14.2.1/thumb/v7e-m+fp/hard\libc_nano.a(libc_a-nano-vfprintf_i.o)
                0x08005a68                _printf_common
 *fill*         0x08005b42        0x2 
 .text._printf_i
                0x08005b44      0x240 C:/Program Files (x86)/Arm GNU Toolchain arm-none-eabi/14.2 rel1/bin/../lib/gcc/arm-none-eabi/14.2.1/thumb/v7e-m+fp/hard\libc_nano.a(libc_a-nano-vfprintf_i.o)
                0x08005b44                _printf_i
 .text.std      0x08005d84       0x6c C:/Program Files (x86)/Arm GNU Toolchain arm-none-eabi/14.2 rel1/bin/../lib/gcc/arm-none-eabi/14.2.1/thumb/v7e-m+fp/hard\libc_nano.a(libc_a-findfp.o)
 .text.stdio_exit_handler
                0x08005df0       0x18 C:/Program Files (x86)/Arm GNU Toolchain arm-none-eabi/14.2 rel1/bin/../lib/gcc/arm-none-eabi/14.2.1/thumb/v7e-m+fp/hard\libc_nano.a(libc_a-findfp.o)
 .text.cleanup_stdio
                0x08005e08       0x40 C:/Program Files (x86)/Arm GNU Toolchain arm-none-eabi/14.2 rel1/bin/../lib/gcc/arm-none-eabi/14.2.1/thumb/v7e-m+fp/hard\libc_nano.a(libc_a-findfp.o)
 .text.global_stdio_init.part.0
                0x08005e48       0x40 C:/Program Files (x86)/Arm GNU Toolchain arm-none-eabi/14.2 rel1/bin/../lib/gcc/arm-none-eabi/14.2.1/thumb/v7e-m+fp/hard\libc_nano.a(libc_a-findfp.o)
 .text.__sfp_lock_acquire
                0x08005e88        0xc C:/Program Files (x86)/Arm GNU Toolchain arm-none-eabi/14.2 rel1/bin/../lib/gcc/arm-none-eabi/14.2.1/thumb/v7e-m+fp/hard\libc_nano.a(libc_a-findfp.o)
                0x08005e88                __sfp_lock_acquire
 .text.__sfp_lock_release
                0x08005e94        0xc C:/Program Files (x86)/Arm GNU Toolchain arm-none-eabi/14.2 rel1/bin/../lib/gcc/arm-none-eabi/14.2.1/thumb/v7e-m+fp/hard\libc_nano.a(libc_a-findfp.o)
                0x08005e94                __sfp_lock_release
 .text.__sinit  0x08005ea0       0x30 C:/Program Files (x86)/Arm GNU Toolchain arm-none-eabi/14.2 rel1/bin/../lib/gcc/arm-none-eabi/14.2.1/thumb/v7e-m+fp/hard\libc_nano.a(libc_a-findfp.o)
                0x08005ea0                __sinit
 .text._fwalk_sglue
                0x08005ed0       0x3c C:/Program Files (x86)/Arm GNU Toolchain arm-none-eabi/14.2 rel1/bin/../lib/gcc/arm-none-eabi/14.2.1/thumb/v7e-m+fp/hard\libc_nano.a(libc_a-fwalk.o)
                0x08005ed0                _fwalk_sglue
 .text.__sread  0x08005f0c       0x22 C:/Program Files (x86)/Arm GNU Toolchain arm-none-eabi/14.2 rel1/bin/../lib/gcc/arm-none-eabi/14.2.1/thumb/v7e-m+fp/hard\libc_nano.a(libc_a-stdio.o)
                0x08005f0c                __sread
 .text.__swrite
                0x08005f2e       0x38 C:/Program Files (x86)/Arm GNU Toolchain arm-none-eabi/14.2 rel1/bin/../lib/gcc/arm-none-eabi/14.2.1/thumb/v7e-m+fp/hard\libc_nano.a(libc_a-stdio.o)
                0x08005f2e                __swrite
 .text.__sseek  0x08005f66       0x26 C:/Program Files (x86)/Arm GNU Toolchain arm-none-eabi/14.2 rel1/bin/../lib/gcc/arm-none-eabi/14.2.1/thumb/v7e-m+fp/hard\libc_nano.a(libc_a-stdio.o)
                0x08005f66                __sseek
 .text.__sclose
                0x08005f8c        0x8 C:/Program Files (x86)/Arm GNU Toolchain arm-none-eabi/14.2 rel1/bin/../lib/gcc/arm-none-eabi/14.2.1/thumb/v7e-m+fp/hard\libc_nano.a(libc_a-stdio.o)
                0x08005f8c                __sclose
 .text.memset   0x08005f94       0x10 C:/Program Files (x86)/Arm GNU Toolchain arm-none-eabi/14.2 rel1/bin/../lib/gcc/arm-none-eabi/14.2.1/thumb/v7e-m+fp/hard\libc_nano.a(libc_a-memset.o)
                0x08005f94                memset
 .text._raise_r
                0x08005fa4       0x50 C:/Program Files (x86)/Arm GNU Toolchain arm-none-eabi/14.2 rel1/bin/../lib/gcc/arm-none-eabi/14.2.1/thumb/v7e-m+fp/hard\libc_nano.a(libc_a-signal.o)
                0x08005fa4                _raise_r
 .text.raise    0x08005ff4       0x10 C:/Program Files (x86)/Arm GNU Toolchain arm-none-eabi/14.2 rel1/bin/../lib/gcc/arm-none-eabi/14.2.1/thumb/v7e-m+fp/hard\libc_nano.a(libc_a-signal.o)
                0x08005ff4                raise
 .text._localeconv_r
                0x08006004        0x8 C:/Program Files (x86)/Arm GNU Toolchain arm-none-eabi/14.2 rel1/bin/../lib/gcc/arm-none-eabi/14.2.1/thumb/v7e-m+fp/hard\libc_nano.a(libc_a-localeconv.o)
                0x08006004                _localeconv_r
 .text._close_r
                0x0800600c       0x20 C:/Program Files (x86)/Arm GNU Toolchain arm-none-eabi/14.2 rel1/bin/../lib/gcc/arm-none-eabi/14.2.1/thumb/v7e-m+fp/hard\libc_nano.a(libc_a-closer.o)
                0x0800600c                _close_r
 .text._lseek_r
                0x0800602c       0x24 C:/Program Files (x86)/Arm GNU Toolchain arm-none-eabi/14.2 rel1/bin/../lib/gcc/arm-none-eabi/14.2.1/thumb/v7e-m+fp/hard\libc_nano.a(libc_a-lseekr.o)
                0x0800602c                _lseek_r
 .text._read_r  0x08006050       0x24 C:/Program Files (x86)/Arm GNU Toolchain arm-none-eabi/14.2 rel1/bin/../lib/gcc/arm-none-eabi/14.2.1/thumb/v7e-m+fp/hard\libc_nano.a(libc_a-readr.o)
                0x08006050                _read_r
 .text._kill_r  0x08006074       0x24 C:/Program Files (x86)/Arm GNU Toolchain arm-none-eabi/14.2 rel1/bin/../lib/gcc/arm-none-eabi/14.2.1/thumb/v7e-m+fp/hard\libc_nano.a(libc_a-signalr.o)
                0x08006074                _kill_r
 .text._getpid_r
                0x08006098        0x4 C:/Program Files (x86)/Arm GNU Toolchain arm-none-eabi/14.2 rel1/bin/../lib/gcc/arm-none-eabi/14.2.1/thumb/v7e-m+fp/hard\libc_nano.a(libc_a-signalr.o)
                0x08006098                _getpid_r
 .text._sbrk_r  0x0800609c       0x20 C:/Program Files (x86)/Arm GNU Toolchain arm-none-eabi/14.2 rel1/bin/../lib/gcc/arm-none-eabi/14.2.1/thumb/v7e-m+fp/hard\libc_nano.a(libc_a-sbrkr.o)
                0x0800609c                _sbrk_r
 .text._write_r
                0x080060bc       0x24 C:/Program Files (x86)/Arm GNU Toolchain arm-none-eabi/14.2 rel1/bin/../lib/gcc/arm-none-eabi/14.2.1/thumb/v7e-m+fp/hard\libc_nano.a(libc_a-writer.o)
                0x080060bc                _write_r
 .text.__errno  0x080060e0        0xc C:/Program Files (x86)/Arm GNU Toolchain arm-none-eabi/14.2 rel1/bin/../lib/gcc/arm-none-eabi/14.2.1/thumb/v7e-m+fp/hard\libc_nano.a(libc_a-errno.o)
                0x080060e0                __errno
 .text.__libc_init_array
                0x080060ec       0x48 C:/Program Files (x86)/Arm GNU Toolchain arm-none-eabi/14.2 rel1/bin/../lib/gcc/arm-none-eabi/14.2.1/thumb/v7e-m+fp/hard\libc_nano.a(libc_a-init.o)
                0x080060ec                __libc_init_array
 .text.__retarget_lock_init_recursive
                0x08006134        0x2 C:/Program Files (x86)/Arm GNU Toolchain arm-none-eabi/14.2 rel1/bin/../lib/gcc/arm-none-eabi/14.2.1/thumb/v7e-m+fp/hard\libc_nano.a(libc_a-lock.o)
                0x08006134                __retarget_lock_init_recursive
 .text.__retarget_lock_acquire_recursive
                0x08006136        0x2 C:/Program Files (x86)/Arm GNU Toolchain arm-none-eabi/14.2 rel1/bin/../lib/gcc/arm-none-eabi/14.2.1/thumb/v7e-m+fp/hard\libc_nano.a(libc_a-lock.o)
                0x08006136                __retarget_lock_acquire_recursive
 .text.__retarget_lock_release_recursive
                0x08006138        0x2 C:/Program Files (x86)/Arm GNU Toolchain arm-none-eabi/14.2 rel1/bin/../lib/gcc/arm-none-eabi/14.2.1/thumb/v7e-m+fp/hard\libc_nano.a(libc_a-lock.o)
                0x08006138                __retarget_lock_release_recursive
 .text.memcpy   0x0800613a       0x1c C:/Program Files (x86)/Arm GNU Toolchain arm-none-eabi/14.2 rel1/bin/../lib/gcc/arm-none-eabi/14.2.1/thumb/v7e-m+fp/hard\libc_nano.a(libc_a-memcpy-stub.o)
                0x0800613a                memcpy
 .text.quorem   0x08006156      0x110 C:/Program Files (x86)/Arm GNU Toolchain arm-none-eabi/14.2 rel1/bin/../lib/gcc/arm-none-eabi/14.2.1/thumb/v7e-m+fp/hard\libc_nano.a(libc_a-dtoa.o)
 *fill*         0x08006266        0x2 
 .text._dtoa_r  0x08006268      0xbc0 C:/Program Files (x86)/Arm GNU Toolchain arm-none-eabi/14.2 rel1/bin/../lib/gcc/arm-none-eabi/14.2.1/thumb/v7e-m+fp/hard\libc_nano.a(libc_a-dtoa.o)
                0x08006268                _dtoa_r
 .text._free_r  0x08006e28       0x94 C:/Program Files (x86)/Arm GNU Toolchain arm-none-eabi/14.2 rel1/bin/../lib/gcc/arm-none-eabi/14.2.1/thumb/v7e-m+fp/hard\libc_nano.a(libc_a-freer.o)
                0x08006e28                _free_r
 .text._Balloc  0x08006ebc       0x7c C:/Program Files (x86)/Arm GNU Toolchain arm-none-eabi/14.2 rel1/bin/../lib/gcc/arm-none-eabi/14.2.1/thumb/v7e-m+fp/hard\libc_nano.a(libc_a-mprec.o)
                0x08006ebc                _Balloc
 .text._Bfree   0x08006f38       0x44 C:/Program Files (x86)/Arm GNU Toolchain arm-none-eabi/14.2 rel1/bin/../lib/gcc/arm-none-eabi/14.2.1/thumb/v7e-m+fp/hard\libc_nano.a(libc_a-mprec.o)
                0x08006f38                _Bfree
 .text.__multadd
                0x08006f7c       0x8c C:/Program Files (x86)/Arm GNU Toolchain arm-none-eabi/14.2 rel1/bin/../lib/gcc/arm-none-eabi/14.2.1/thumb/v7e-m+fp/hard\libc_nano.a(libc_a-mprec.o)
                0x08006f7c                __multadd
 .text.__hi0bits
                0x08007008       0x3e C:/Program Files (x86)/Arm GNU Toolchain arm-none-eabi/14.2 rel1/bin/../lib/gcc/arm-none-eabi/14.2.1/thumb/v7e-m+fp/hard\libc_nano.a(libc_a-mprec.o)
                0x08007008                __hi0bits
 .text.__lo0bits
                0x08007046       0x5a C:/Program Files (x86)/Arm GNU Toolchain arm-none-eabi/14.2 rel1/bin/../lib/gcc/arm-none-eabi/14.2.1/thumb/v7e-m+fp/hard\libc_nano.a(libc_a-mprec.o)
                0x08007046                __lo0bits
 .text.__i2b    0x080070a0       0x2c C:/Program Files (x86)/Arm GNU Toolchain arm-none-eabi/14.2 rel1/bin/../lib/gcc/arm-none-eabi/14.2.1/thumb/v7e-m+fp/hard\libc_nano.a(libc_a-mprec.o)
                0x080070a0                __i2b
 .text.__multiply
                0x080070cc      0x154 C:/Program Files (x86)/Arm GNU Toolchain arm-none-eabi/14.2 rel1/bin/../lib/gcc/arm-none-eabi/14.2.1/thumb/v7e-m+fp/hard\libc_nano.a(libc_a-mprec.o)
                0x080070cc                __multiply
 .text.__pow5mult
                0x08007220       0xb8 C:/Program Files (x86)/Arm GNU Toolchain arm-none-eabi/14.2 rel1/bin/../lib/gcc/arm-none-eabi/14.2.1/thumb/v7e-m+fp/hard\libc_nano.a(libc_a-mprec.o)
                0x08007220                __pow5mult
 .text.__lshift
                0x080072d8       0xdc C:/Program Files (x86)/Arm GNU Toolchain arm-none-eabi/14.2 rel1/bin/../lib/gcc/arm-none-eabi/14.2.1/thumb/v7e-m+fp/hard\libc_nano.a(libc_a-mprec.o)
                0x080072d8                __lshift
 .text.__mcmp   0x080073b4       0x36 C:/Program Files (x86)/Arm GNU Toolchain arm-none-eabi/14.2 rel1/bin/../lib/gcc/arm-none-eabi/14.2.1/thumb/v7e-m+fp/hard\libc_nano.a(libc_a-mprec.o)
                0x080073b4                __mcmp
 *fill*         0x080073ea        0x2 
 .text.__mdiff  0x080073ec      0x130 C:/Program Files (x86)/Arm GNU Toolchain arm-none-eabi/14.2 rel1/bin/../lib/gcc/arm-none-eabi/14.2.1/thumb/v7e-m+fp/hard\libc_nano.a(libc_a-mprec.o)
                0x080073ec                __mdiff
 .text.__d2b    0x0800751c       0xb0 C:/Program Files (x86)/Arm GNU Toolchain arm-none-eabi/14.2 rel1/bin/../lib/gcc/arm-none-eabi/14.2.1/thumb/v7e-m+fp/hard\libc_nano.a(libc_a-mprec.o)
                0x0800751c                __d2b
 .text.__sflush_r
                0x080075cc      0x104 C:/Program Files (x86)/Arm GNU Toolchain arm-none-eabi/14.2 rel1/bin/../lib/gcc/arm-none-eabi/14.2.1/thumb/v7e-m+fp/hard\libc_nano.a(libc_a-fflush.o)
                0x080075cc                __sflush_r
 .text._fflush_r
                0x080076d0       0x50 C:/Program Files (x86)/Arm GNU Toolchain arm-none-eabi/14.2 rel1/bin/../lib/gcc/arm-none-eabi/14.2.1/thumb/v7e-m+fp/hard\libc_nano.a(libc_a-fflush.o)
                0x080076d0                _fflush_r
 .text.__assert_func
                0x08007720       0x3c C:/Program Files (x86)/Arm GNU Toolchain arm-none-eabi/14.2 rel1/bin/../lib/gcc/arm-none-eabi/14.2.1/thumb/v7e-m+fp/hard\libc_nano.a(libc_a-assert.o)
                0x08007720                __assert_func
 .text._calloc_r
                0x0800775c       0x28 C:/Program Files (x86)/Arm GNU Toolchain arm-none-eabi/14.2 rel1/bin/../lib/gcc/arm-none-eabi/14.2.1/thumb/v7e-m+fp/hard\libc_nano.a(libc_a-callocr.o)
                0x0800775c                _calloc_r
 .text.__ascii_mbtowc
                0x08007784       0x24 C:/Program Files (x86)/Arm GNU Toolchain arm-none-eabi/14.2 rel1/bin/../lib/gcc/arm-none-eabi/14.2.1/thumb/v7e-m+fp/hard\libc_nano.a(libc_a-mbtowc_r.o)
                0x08007784                __ascii_mbtowc
 .text.__ascii_wctomb
                0x080077a8       0x1a C:/Program Files (x86)/Arm GNU Toolchain arm-none-eabi/14.2 rel1/bin/../lib/gcc/arm-none-eabi/14.2.1/thumb/v7e-m+fp/hard\libc_nano.a(libc_a-wctomb_r.o)
                0x080077a8                __ascii_wctomb
 *fill*         0x080077c2        0x2 
 .text.fprintf  0x080077c4       0x24 C:/Program Files (x86)/Arm GNU Toolchain arm-none-eabi/14.2 rel1/bin/../lib/gcc/arm-none-eabi/14.2.1/thumb/v7e-m+fp/hard\libc_nano.a(libc_a-fprintf.o)
                0x080077c4                fiprintf
                0x080077c4                fprintf
 .text.__sfputc_r
                0x080077e8       0x2e C:/Program Files (x86)/Arm GNU Toolchain arm-none-eabi/14.2 rel1/bin/../lib/gcc/arm-none-eabi/14.2.1/thumb/v7e-m+fp/hard\libc_nano.a(libc_a-nano-vfprintf.o)
 .text.__sfputs_r
                0x08007816       0x24 C:/Program Files (x86)/Arm GNU Toolchain arm-none-eabi/14.2 rel1/bin/../lib/gcc/arm-none-eabi/14.2.1/thumb/v7e-m+fp/hard\libc_nano.a(libc_a-nano-vfprintf.o)
                0x08007816                __sfputs_r
 *fill*         0x0800783a        0x2 
 .text._vfprintf_r
                0x0800783c      0x230 C:/Program Files (x86)/Arm GNU Toolchain arm-none-eabi/14.2 rel1/bin/../lib/gcc/arm-none-eabi/14.2.1/thumb/v7e-m+fp/hard\libc_nano.a(libc_a-nano-vfprintf.o)
                0x0800783c                _vfprintf_r
                0x0800783c                _vfiprintf_r
 .text.__swbuf_r
                0x08007a6c       0x7c C:/Program Files (x86)/Arm GNU Toolchain arm-none-eabi/14.2 rel1/bin/../lib/gcc/arm-none-eabi/14.2.1/thumb/v7e-m+fp/hard\libc_nano.a(libc_a-wbuf.o)
                0x08007a6c                __swbuf_r
 .text.__swsetup_r
                0x08007ae8       0xa8 C:/Program Files (x86)/Arm GNU Toolchain arm-none-eabi/14.2 rel1/bin/../lib/gcc/arm-none-eabi/14.2.1/thumb/v7e-m+fp/hard\libc_nano.a(libc_a-wsetup.o)
                0x08007ae8                __swsetup_r
 .text.__swhatbuf_r
                0x08007b90       0x48 C:/Program Files (x86)/Arm GNU Toolchain arm-none-eabi/14.2 rel1/bin/../lib/gcc/arm-none-eabi/14.2.1/thumb/v7e-m+fp/hard\libc_nano.a(libc_a-makebuf.o)
                0x08007b90                __swhatbuf_r
 .text.__smakebuf_r
                0x08007bd8       0x72 C:/Program Files (x86)/Arm GNU Toolchain arm-none-eabi/14.2 rel1/bin/../lib/gcc/arm-none-eabi/14.2.1/thumb/v7e-m+fp/hard\libc_nano.a(libc_a-makebuf.o)
                0x08007bd8                __smakebuf_r
 *fill*         0x08007c4a        0x2 
 .text._fstat_r
                0x08007c4c       0x24 C:/Program Files (x86)/Arm GNU Toolchain arm-none-eabi/14.2 rel1/bin/../lib/gcc/arm-none-eabi/14.2.1/thumb/v7e-m+fp/hard\libc_nano.a(libc_a-fstatr.o)
                0x08007c4c                _fstat_r
 .text._isatty_r
                0x08007c70       0x20 C:/Program Files (x86)/Arm GNU Toolchain arm-none-eabi/14.2 rel1/bin/../lib/gcc/arm-none-eabi/14.2.1/thumb/v7e-m+fp/hard\libc_nano.a(libc_a-isattyr.o)
                0x08007c70                _isatty_r
 .text._exit    0x08007c90       0x14 C:/Program Files (x86)/Arm GNU Toolchain arm-none-eabi/14.2 rel1/bin/../lib/gcc/arm-none-eabi/14.2.1/thumb/v7e-m+fp/hard\librdimon_nano.a(arm_librdimon_a-_exit.o)
                0x08007c90                _exit
 .text._kill_shared
                0x08007ca4       0x26 C:/Program Files (x86)/Arm GNU Toolchain arm-none-eabi/14.2 rel1/bin/../lib/gcc/arm-none-eabi/14.2.1/thumb/v7e-m+fp/hard\librdimon_nano.a(arm_librdimon_a-_kill.o)
                0x08007ca4                _kill_shared
 *fill*         0x08007cca        0x2 
 .text._kill    0x08007ccc       0x18 C:/Program Files (x86)/Arm GNU Toolchain arm-none-eabi/14.2 rel1/bin/../lib/gcc/arm-none-eabi/14.2.1/thumb/v7e-m+fp/hard\librdimon_nano.a(arm_librdimon_a-_kill.o)
                0x08007ccc                _kill
 *(.glue_7)
 .glue_7        0x08007ce4        0x0 linker stubs
 *(.glue_7t)
 .glue_7t       0x08007ce4        0x0 linker stubs
 *(.eh_frame)
 .eh_frame      0x08007ce4        0x0 C:/Program Files (x86)/Arm GNU Toolchain arm-none-eabi/14.2 rel1/bin/../lib/gcc/arm-none-eabi/14.2.1/thumb/v7e-m+fp/hard/crtbegin.o
 *(.init)
 .init          0x08007ce4        0x4 C:/Program Files (x86)/Arm GNU Toolchain arm-none-eabi/14.2 rel1/bin/../lib/gcc/arm-none-eabi/14.2.1/thumb/v7e-m+fp/hard/crti.o
                0x08007ce4                _init
 .init          0x08007ce8        0x8 C:/Program Files (x86)/Arm GNU Toolchain arm-none-eabi/14.2 rel1/bin/../lib/gcc/arm-none-eabi/14.2.1/thumb/v7e-m+fp/hard/crtn.o
 *(.fini)
 .fini          0x08007cf0        0x4 C:/Program Files (x86)/Arm GNU Toolchain arm-none-eabi/14.2 rel1/bin/../lib/gcc/arm-none-eabi/14.2.1/thumb/v7e-m+fp/hard/crti.o
                0x08007cf0                _fini
 .fini          0x08007cf4        0x8 C:/Program Files (x86)/Arm GNU Toolchain arm-none-eabi/14.2 rel1/bin/../lib/gcc/arm-none-eabi/14.2.1/thumb/v7e-m+fp/hard/crtn.o
                0x08007cfc                        . = ALIGN (0x4)
                0x08007cfc                        _etext = .

.vfp11_veneer   0x08007cfc        0x0
 .vfp11_veneer  0x08007cfc        0x0 linker stubs

.v4_bx          0x08007cfc        0x0
 .v4_bx         0x08007cfc        0x0 linker stubs

.iplt           0x08007cfc        0x0
 .iplt          0x08007cfc        0x0 C:/Program Files (x86)/Arm GNU Toolchain arm-none-eabi/14.2 rel1/bin/../lib/gcc/arm-none-eabi/14.2.1/thumb/v7e-m+fp/hard/crtbegin.o

.rodata         0x08007d00      0x4e4
                0x08007d00                        . = ALIGN (0x4)
 *(.rodata)
 *(.rodata*)
 .rodata.aPredivFactorTable
                0x08007d00       0x10 build/stm32f3xx_hal_rcc.o
 .rodata.aPLLMULFactorTable
                0x08007d10       0x10 build/stm32f3xx_hal_rcc.o
 .rodata.APBPrescTable
                0x08007d20        0x8 build/system_stm32f3xx.o
                0x08007d20                APBPrescTable
 .rodata.AHBPrescTable
                0x08007d28       0x10 build/system_stm32f3xx.o
                0x08007d28                AHBPrescTable
 .rodata._ZTS13MDDataManagerILb0EE
                0x08007d38       0x16 build/app.o
                0x08007d38                typeinfo name for MDDataManager<false>
 *fill*         0x08007d4e        0x2 
 .rodata._ZTI13MDDataManagerILb0EE
                0x08007d50        0x8 build/app.o
                0x08007d50                typeinfo for MDDataManager<false>
 .rodata._ZTS9CANDriver
                0x08007d58        0xb build/app.o
                0x08007d58                typeinfo name for CANDriver
 *fill*         0x08007d63        0x1 
 .rodata._ZTI9CANDriver
                0x08007d64        0xc build/app.o
                0x08007d64                typeinfo for CANDriver
 .rodata._ZTV13MDDataManagerILb0EE
                0x08007d70        0xc build/app.o
                0x08007d70                vtable for MDDataManager<false>
 .rodata._ZTV9CANDriver
                0x08007d7c        0xc build/app.o
                0x08007d7c                vtable for CANDriver
 .rodata._get_semihosting_exts.str1.1
                0x08007d88      0x189 C:/Program Files (x86)/Arm GNU Toolchain arm-none-eabi/14.2 rel1/bin/../lib/gcc/arm-none-eabi/14.2.1/thumb/v7e-m+fp/hard\librdimon_nano.a(arm_librdimon_a-syscalls.o)
                                 0x16 (size before relaxing)
 .rodata._ZTSN10__cxxabiv117__class_type_infoE
                0x08007f11       0x22 C:/Program Files (x86)/Arm GNU Toolchain arm-none-eabi/14.2 rel1/bin/../lib/gcc/arm-none-eabi/14.2.1/thumb/v7e-m+fp/hard\libstdc++_nano.a(class_type_info.o)
                0x08007f11                typeinfo name for __cxxabiv1::__class_type_info
 *fill*         0x08007f33        0x1 
 .rodata._ZTIN10__cxxabiv117__class_type_infoE
                0x08007f34        0xc C:/Program Files (x86)/Arm GNU Toolchain arm-none-eabi/14.2 rel1/bin/../lib/gcc/arm-none-eabi/14.2.1/thumb/v7e-m+fp/hard\libstdc++_nano.a(class_type_info.o)
                0x08007f34                typeinfo for __cxxabiv1::__class_type_info
 .rodata._ZTVN10__cxxabiv117__class_type_infoE
                0x08007f40       0x2c C:/Program Files (x86)/Arm GNU Toolchain arm-none-eabi/14.2 rel1/bin/../lib/gcc/arm-none-eabi/14.2.1/thumb/v7e-m+fp/hard\libstdc++_nano.a(class_type_info.o)
                0x08007f40                vtable for __cxxabiv1::__class_type_info
 .rodata._ZTSN10__cxxabiv120__si_class_type_infoE
                0x08007f6c       0x25 C:/Program Files (x86)/Arm GNU Toolchain arm-none-eabi/14.2 rel1/bin/../lib/gcc/arm-none-eabi/14.2.1/thumb/v7e-m+fp/hard\libstdc++_nano.a(si_class_type_info.o)
                0x08007f6c                typeinfo name for __cxxabiv1::__si_class_type_info
 *fill*         0x08007f91        0x3 
 .rodata._ZTIN10__cxxabiv120__si_class_type_infoE
                0x08007f94        0xc C:/Program Files (x86)/Arm GNU Toolchain arm-none-eabi/14.2 rel1/bin/../lib/gcc/arm-none-eabi/14.2.1/thumb/v7e-m+fp/hard\libstdc++_nano.a(si_class_type_info.o)
                0x08007f94                typeinfo for __cxxabiv1::__si_class_type_info
 .rodata._ZTVN10__cxxabiv120__si_class_type_infoE
                0x08007fa0       0x2c C:/Program Files (x86)/Arm GNU Toolchain arm-none-eabi/14.2 rel1/bin/../lib/gcc/arm-none-eabi/14.2.1/thumb/v7e-m+fp/hard\libstdc++_nano.a(si_class_type_info.o)
                0x08007fa0                vtable for __cxxabiv1::__si_class_type_info
 .rodata._ZTSSt9type_info
                0x08007fcc        0xd C:/Program Files (x86)/Arm GNU Toolchain arm-none-eabi/14.2 rel1/bin/../lib/gcc/arm-none-eabi/14.2.1/thumb/v7e-m+fp/hard\libstdc++_nano.a(tinfo.o)
                0x08007fcc                typeinfo name for std::type_info
 *fill*         0x08007fd9        0x3 
 .rodata._ZTISt9type_info
                0x08007fdc        0x8 C:/Program Files (x86)/Arm GNU Toolchain arm-none-eabi/14.2 rel1/bin/../lib/gcc/arm-none-eabi/14.2.1/thumb/v7e-m+fp/hard\libstdc++_nano.a(tinfo.o)
                0x08007fdc                typeinfo for std::type_info
 .rodata._printf_float.str1.1
                0x08007fe4       0x12 C:/Program Files (x86)/Arm GNU Toolchain arm-none-eabi/14.2 rel1/bin/../lib/gcc/arm-none-eabi/14.2.1/thumb/v7e-m+fp/hard\libc_nano.a(libc_a-nano-vfprintf_float.o)
 .rodata._printf_i.str1.1
                0x08007fe4       0x22 C:/Program Files (x86)/Arm GNU Toolchain arm-none-eabi/14.2 rel1/bin/../lib/gcc/arm-none-eabi/14.2.1/thumb/v7e-m+fp/hard\libc_nano.a(libc_a-nano-vfprintf_i.o)
 .rodata._dtoa_r.str1.1
                0x08007fe4       0x90 C:/Program Files (x86)/Arm GNU Toolchain arm-none-eabi/14.2 rel1/bin/../lib/gcc/arm-none-eabi/14.2.1/thumb/v7e-m+fp/hard\libc_nano.a(libc_a-dtoa.o)
 .rodata._Balloc.str1.1
                0x08007fe4       0x71 C:/Program Files (x86)/Arm GNU Toolchain arm-none-eabi/14.2 rel1/bin/../lib/gcc/arm-none-eabi/14.2.1/thumb/v7e-m+fp/hard\libc_nano.a(libc_a-mprec.o)
 .rodata.__multadd.str1.1
                0x08007fe4       0x11 C:/Program Files (x86)/Arm GNU Toolchain arm-none-eabi/14.2 rel1/bin/../lib/gcc/arm-none-eabi/14.2.1/thumb/v7e-m+fp/hard\libc_nano.a(libc_a-mprec.o)
 .rodata.p05.0  0x08007fe4        0xc C:/Program Files (x86)/Arm GNU Toolchain arm-none-eabi/14.2 rel1/bin/../lib/gcc/arm-none-eabi/14.2.1/thumb/v7e-m+fp/hard\libc_nano.a(libc_a-mprec.o)
 .rodata.__mprec_bigtens
                0x08007ff0       0x28 C:/Program Files (x86)/Arm GNU Toolchain arm-none-eabi/14.2 rel1/bin/../lib/gcc/arm-none-eabi/14.2.1/thumb/v7e-m+fp/hard\libc_nano.a(libc_a-mprec.o)
                0x08007ff0                __mprec_bigtens
 .rodata.__mprec_tens
                0x08008018       0xc8 C:/Program Files (x86)/Arm GNU Toolchain arm-none-eabi/14.2 rel1/bin/../lib/gcc/arm-none-eabi/14.2.1/thumb/v7e-m+fp/hard\libc_nano.a(libc_a-mprec.o)
                0x08008018                __mprec_tens
 .rodata._setlocale_r.str1.1
                0x080080e0        0x9 C:/Program Files (x86)/Arm GNU Toolchain arm-none-eabi/14.2 rel1/bin/../lib/gcc/arm-none-eabi/14.2.1/thumb/v7e-m+fp/hard\libc_nano.a(libc_a-locale.o)
 .rodata.str1.1
                0x080080e0        0x2 C:/Program Files (x86)/Arm GNU Toolchain arm-none-eabi/14.2 rel1/bin/../lib/gcc/arm-none-eabi/14.2.1/thumb/v7e-m+fp/hard\libc_nano.a(libc_a-locale.o)
 .rodata.__assert_func.str1.1
                0x080080e0       0x3d C:/Program Files (x86)/Arm GNU Toolchain arm-none-eabi/14.2 rel1/bin/../lib/gcc/arm-none-eabi/14.2.1/thumb/v7e-m+fp/hard\libc_nano.a(libc_a-assert.o)
 .rodata._ctype_
                0x080080e0      0x101 C:/Program Files (x86)/Arm GNU Toolchain arm-none-eabi/14.2 rel1/bin/../lib/gcc/arm-none-eabi/14.2.1/thumb/v7e-m+fp/hard\libc_nano.a(libc_a-ctype_.o)
                0x080080e0                _ctype_
 .rodata._vfprintf_r.str1.1
                0x080081e1       0x11 C:/Program Files (x86)/Arm GNU Toolchain arm-none-eabi/14.2 rel1/bin/../lib/gcc/arm-none-eabi/14.2.1/thumb/v7e-m+fp/hard\libc_nano.a(libc_a-nano-vfprintf.o)
                0x080081f4                        . = ALIGN (0x4)
 *fill*         0x080081e1        0x3 

.ARM.extab      0x080081e4       0x48
                0x080081e4                        . = ALIGN (0x4)
 *(.ARM.extab* .gnu.linkonce.armextab.*)
 .ARM.extab.text.HAL_CAN_RxFifo0MsgPendingCallback
                0x080081e4        0xc build/main.o
 .ARM.extab.text.HAL_TIM_PeriodElapsedCallback
                0x080081f0        0xc build/main.o
 .ARM.extab.text.main
                0x080081fc        0xc build/main.o
 .ARM.extab.text._ZN13MDDataManagerILb0EE4sendEtPhh
                0x08008208        0x0 build/app.o
 .ARM.extab.text._ZN9CANDriver4sendEtPhh
                0x08008208        0x0 build/app.o
 .ARM.extab.text._ZN9CANDriver4initEv
                0x08008208        0x0 build/app.o
 .ARM.extab.text._ZN13MDDataManagerILb0EE7receiveEtPhh
                0x08008208        0x0 build/app.o
 .ARM.extab.text._ZN9CANDriver20can_callback_processEP17CAN_HandleTypeDef
                0x08008208        0x0 build/app.o
 .ARM.extab.text._ZN3App20can_callback_processEP17CAN_HandleTypeDef
                0x08008208        0xc build/app.o
 .ARM.extab.text._ZN13MDDataManagerILb0EE17send_limit_switchEh
                0x08008214        0x0 build/app.o
 .ARM.extab.text._ZN13MDDataManagerILb0EE11send_targetEs
                0x08008214        0x0 build/app.o
 .ARM.extab.text._ZN15MotorController9set_brakeEb
                0x08008214        0xc build/motor_controller.o
 .ARM.extab.text._ZN15MotorController8saturateIiEET_S1_S1_S1_
                0x08008220        0x0 build/motor_controller.o
 .ARM.extab.text._ZN15MotorController8saturateIfEET_S1_S1_S1_
                0x08008220        0x0 build/motor_controller.o
 .ARM.extab.text.__gnu_Unwind_Resume_or_Rethrow
                0x08008220        0xc C:/Program Files (x86)/Arm GNU Toolchain arm-none-eabi/14.2 rel1/bin/../lib/gcc/arm-none-eabi/14.2.1/thumb/v7e-m+fp/hard\libgcc.a(unwind-arm.o)
                0x0800822c                        . = ALIGN (0x4)

.ARM            0x0800822c      0x138
                0x0800822c                        . = ALIGN (0x4)
                0x0800822c                        __exidx_start = .
 *(.ARM.exidx*)
 .ARM.exidx     0x0800822c        0x8 C:/Program Files (x86)/Arm GNU Toolchain arm-none-eabi/14.2 rel1/bin/../lib/gcc/arm-none-eabi/14.2.1/thumb/v7e-m+fp/hard\libc_nano.a(libc_a-strcmp.o)
 .ARM.exidx     0x08008234        0x0 C:/Program Files (x86)/Arm GNU Toolchain arm-none-eabi/14.2 rel1/bin/../lib/gcc/arm-none-eabi/14.2.1/thumb/v7e-m+fp/hard\libc_nano.a(libc_a-memchr.o)
                                  0x8 (size before relaxing)
 .ARM.exidx     0x08008234        0x0 C:/Program Files (x86)/Arm GNU Toolchain arm-none-eabi/14.2 rel1/bin/../lib/gcc/arm-none-eabi/14.2.1/thumb/v7e-m+fp/hard\libc_nano.a(libc_a-strlen.o)
                                  0x8 (size before relaxing)
 .ARM.exidx.text._Z41__static_initialization_and_destruction_0v
                0x08008234        0x0 build/main.o
                                  0x8 (size before relaxing)
 .ARM.exidx.text.HAL_CAN_RxFifo0MsgPendingCallback
                0x08008234        0x8 build/main.o
 .ARM.exidx.text.HAL_TIM_PeriodElapsedCallback
                0x0800823c        0x8 build/main.o
 .ARM.exidx.text.Error_Handler
                0x08008244        0x8 build/main.o
 .ARM.exidx.text._Z18SystemClock_Configv
                0x0800824c        0x8 build/main.o
 .ARM.exidx.text.main
                0x08008254        0x8 build/main.o
 .ARM.exidx.text._GLOBAL__sub_I_app
                0x0800825c        0x8 build/main.o
 .ARM.exidx.text._ZN13MDDataManagerILb0EE4sendEtPhh
                0x08008264        0x0 build/app.o
                                  0x8 (size before relaxing)
 .ARM.exidx.text._Z41__static_initialization_and_destruction_0v
                0x08008264        0x0 build/app.o
                                  0x8 (size before relaxing)
 .ARM.exidx.text._ZN9CANDriver4sendEtPhh
                0x08008264        0x8 build/app.o
 .ARM.exidx.text._ZN9CANDriver4initEv
                0x0800826c        0x8 build/app.o
 .ARM.exidx.text._ZN3App12update_md_idEv
                0x08008274        0x0 build/app.o
                                  0x8 (size before relaxing)
 .ARM.exidx.text._ZN3App4initEv
                0x08008274        0x8 build/app.o
 .ARM.exidx.text._ZN13MDDataManagerILb0EE7receiveEtPhh
                0x0800827c        0x8 build/app.o
 .ARM.exidx.text._ZN9CANDriver20can_callback_processEP17CAN_HandleTypeDef
                0x08008284        0x8 build/app.o
 .ARM.exidx.text._ZN3App20can_callback_processEP17CAN_HandleTypeDef
                0x0800828c        0x8 build/app.o
 .ARM.exidx.text._ZN13MDDataManagerILb0EE17send_limit_switchEh
                0x08008294        0x8 build/app.o
 .ARM.exidx.text._ZN3App9main_loopEv
                0x0800829c        0x0 build/app.o
                                  0x8 (size before relaxing)
 .ARM.exidx.text._ZN13MDDataManagerILb0EE11send_targetEs
                0x0800829c        0x0 build/app.o
                                  0x8 (size before relaxing)
 .ARM.exidx.text._ZN3App10timer_taskEv
                0x0800829c        0x8 build/app.o
 .ARM.exidx.text._GLOBAL__sub_I_can_driver
                0x080082a4        0x8 build/app.o
 .ARM.exidx.text._ZN15MotorController4initEh
                0x080082ac        0x8 build/motor_controller.o
 .ARM.exidx.text._ZN15MotorController9get_countEv
                0x080082b4        0x8 build/motor_controller.o
 .ARM.exidx.text._ZN15MotorController19trapezoidal_controlEsh
                0x080082bc        0x0 build/motor_controller.o
                                  0x8 (size before relaxing)
 .ARM.exidx.text._ZN15MotorController12set_pid_gainEfff
                0x080082bc        0x0 build/motor_controller.o
                                  0x8 (size before relaxing)
 .ARM.exidx.text._ZN15MotorController9reset_pidEv
                0x080082bc        0x0 build/motor_controller.o
                                  0x8 (size before relaxing)
 .ARM.exidx.text._ZN15MotorController9set_brakeEb
                0x080082bc        0x8 build/motor_controller.o
 .ARM.exidx.text._ZN15MotorController8saturateIiEET_S1_S1_S1_
                0x080082c4        0x8 build/motor_controller.o
 .ARM.exidx.text._ZN15MotorController3runEst
                0x080082cc        0x8 build/motor_controller.o
 .ARM.exidx.text._ZN15MotorController8saturateIfEET_S1_S1_S1_
                0x080082d4        0x8 build/motor_controller.o
 .ARM.exidx.text._ZN15MotorController13calculate_pidEff
                0x080082dc        0x0 build/motor_controller.o
                                  0x8 (size before relaxing)
 .ARM.exidx.text._ZN10can_config9encode_idEhhhh
                0x080082dc        0x0 build/can_config.o
                                  0x8 (size before relaxing)
 .ARM.exidx.text._ZN10can_config9decode_idEtRhS0_S0_S0_
                0x080082dc        0x0 build/can_config.o
                                  0x8 (size before relaxing)
 .ARM.exidx.text.selfrel_offset31
                0x080082dc        0x0 C:/Program Files (x86)/Arm GNU Toolchain arm-none-eabi/14.2 rel1/bin/../lib/gcc/arm-none-eabi/14.2.1/thumb/v7e-m+fp/hard\libgcc.a(unwind-arm.o)
                                  0x8 (size before relaxing)
 .ARM.exidx.text.search_EIT_table
                0x080082dc        0x0 C:/Program Files (x86)/Arm GNU Toolchain arm-none-eabi/14.2 rel1/bin/../lib/gcc/arm-none-eabi/14.2.1/thumb/v7e-m+fp/hard\libgcc.a(unwind-arm.o)
                                  0x8 (size before relaxing)
 .ARM.exidx.text.__gnu_unwind_get_pr_addr
                0x080082dc        0x0 C:/Program Files (x86)/Arm GNU Toolchain arm-none-eabi/14.2 rel1/bin/../lib/gcc/arm-none-eabi/14.2.1/thumb/v7e-m+fp/hard\libgcc.a(unwind-arm.o)
                                  0x8 (size before relaxing)
 .ARM.exidx.text.get_eit_entry
                0x080082dc        0x8 C:/Program Files (x86)/Arm GNU Toolchain arm-none-eabi/14.2 rel1/bin/../lib/gcc/arm-none-eabi/14.2.1/thumb/v7e-m+fp/hard\libgcc.a(unwind-arm.o)
 .ARM.exidx.text.restore_non_core_regs
                0x080082e4        0x8 C:/Program Files (x86)/Arm GNU Toolchain arm-none-eabi/14.2 rel1/bin/../lib/gcc/arm-none-eabi/14.2.1/thumb/v7e-m+fp/hard\libgcc.a(unwind-arm.o)
 .ARM.exidx.text._Unwind_decode_typeinfo_ptr.constprop.0
                0x080082ec        0x8 C:/Program Files (x86)/Arm GNU Toolchain arm-none-eabi/14.2 rel1/bin/../lib/gcc/arm-none-eabi/14.2.1/thumb/v7e-m+fp/hard\libgcc.a(unwind-arm.o)
 .ARM.exidx.text._Unwind_DebugHook
                0x080082f4        0x0 C:/Program Files (x86)/Arm GNU Toolchain arm-none-eabi/14.2 rel1/bin/../lib/gcc/arm-none-eabi/14.2.1/thumb/v7e-m+fp/hard\libgcc.a(unwind-arm.o)
                                  0x8 (size before relaxing)
 .ARM.exidx.text.unwind_phase2
                0x080082f4        0x8 C:/Program Files (x86)/Arm GNU Toolchain arm-none-eabi/14.2 rel1/bin/../lib/gcc/arm-none-eabi/14.2.1/thumb/v7e-m+fp/hard\libgcc.a(unwind-arm.o)
 .ARM.exidx.text.unwind_phase2_forced
                0x080082fc        0x8 C:/Program Files (x86)/Arm GNU Toolchain arm-none-eabi/14.2 rel1/bin/../lib/gcc/arm-none-eabi/14.2.1/thumb/v7e-m+fp/hard\libgcc.a(unwind-arm.o)
 .ARM.exidx.text.__gnu_Unwind_RaiseException
                0x08008304        0x8 C:/Program Files (x86)/Arm GNU Toolchain arm-none-eabi/14.2 rel1/bin/../lib/gcc/arm-none-eabi/14.2.1/thumb/v7e-m+fp/hard\libgcc.a(unwind-arm.o)
 .ARM.exidx.text.__gnu_Unwind_ForcedUnwind
                0x0800830c        0x8 C:/Program Files (x86)/Arm GNU Toolchain arm-none-eabi/14.2 rel1/bin/../lib/gcc/arm-none-eabi/14.2.1/thumb/v7e-m+fp/hard\libgcc.a(unwind-arm.o)
 .ARM.exidx.text.__gnu_Unwind_Resume
                0x08008314        0x8 C:/Program Files (x86)/Arm GNU Toolchain arm-none-eabi/14.2 rel1/bin/../lib/gcc/arm-none-eabi/14.2.1/thumb/v7e-m+fp/hard\libgcc.a(unwind-arm.o)
 .ARM.exidx.text.__gnu_Unwind_Resume_or_Rethrow
                0x0800831c        0x8 C:/Program Files (x86)/Arm GNU Toolchain arm-none-eabi/14.2 rel1/bin/../lib/gcc/arm-none-eabi/14.2.1/thumb/v7e-m+fp/hard\libgcc.a(unwind-arm.o)
 .ARM.exidx.text._Unwind_VRS_Get
                0x08008324        0x8 C:/Program Files (x86)/Arm GNU Toolchain arm-none-eabi/14.2 rel1/bin/../lib/gcc/arm-none-eabi/14.2.1/thumb/v7e-m+fp/hard\libgcc.a(unwind-arm.o)
 .ARM.exidx.text._Unwind_GetGR
                0x0800832c        0x0 C:/Program Files (x86)/Arm GNU Toolchain arm-none-eabi/14.2 rel1/bin/../lib/gcc/arm-none-eabi/14.2.1/thumb/v7e-m+fp/hard\libgcc.a(unwind-arm.o)
                                  0x8 (size before relaxing)
 .ARM.exidx.text._Unwind_VRS_Set
                0x0800832c        0x0 C:/Program Files (x86)/Arm GNU Toolchain arm-none-eabi/14.2 rel1/bin/../lib/gcc/arm-none-eabi/14.2.1/thumb/v7e-m+fp/hard\libgcc.a(unwind-arm.o)
                                  0x8 (size before relaxing)
 .ARM.exidx.text._Unwind_SetGR
                0x0800832c        0x0 C:/Program Files (x86)/Arm GNU Toolchain arm-none-eabi/14.2 rel1/bin/../lib/gcc/arm-none-eabi/14.2.1/thumb/v7e-m+fp/hard\libgcc.a(unwind-arm.o)
                                  0x8 (size before relaxing)
 .ARM.exidx.text.__gnu_Unwind_Backtrace
                0x0800832c        0x8 C:/Program Files (x86)/Arm GNU Toolchain arm-none-eabi/14.2 rel1/bin/../lib/gcc/arm-none-eabi/14.2.1/thumb/v7e-m+fp/hard\libgcc.a(unwind-arm.o)
 .ARM.exidx.text.__gnu_unwind_pr_common
                0x08008334        0x8 C:/Program Files (x86)/Arm GNU Toolchain arm-none-eabi/14.2 rel1/bin/../lib/gcc/arm-none-eabi/14.2.1/thumb/v7e-m+fp/hard\libgcc.a(unwind-arm.o)
 .ARM.exidx.text.__aeabi_unwind_cpp_pr0
                0x0800833c        0x8 C:/Program Files (x86)/Arm GNU Toolchain arm-none-eabi/14.2 rel1/bin/../lib/gcc/arm-none-eabi/14.2.1/thumb/v7e-m+fp/hard\libgcc.a(unwind-arm.o)
 .ARM.exidx.text.__aeabi_unwind_cpp_pr1
                0x08008344        0x0 C:/Program Files (x86)/Arm GNU Toolchain arm-none-eabi/14.2 rel1/bin/../lib/gcc/arm-none-eabi/14.2.1/thumb/v7e-m+fp/hard\libgcc.a(unwind-arm.o)
                                  0x8 (size before relaxing)
 .ARM.exidx.text.__aeabi_unwind_cpp_pr2
                0x08008344        0x0 C:/Program Files (x86)/Arm GNU Toolchain arm-none-eabi/14.2 rel1/bin/../lib/gcc/arm-none-eabi/14.2.1/thumb/v7e-m+fp/hard\libgcc.a(unwind-arm.o)
                                  0x8 (size before relaxing)
 .ARM.exidx.text._Unwind_VRS_Pop
                0x08008344        0x8 C:/Program Files (x86)/Arm GNU Toolchain arm-none-eabi/14.2 rel1/bin/../lib/gcc/arm-none-eabi/14.2.1/thumb/v7e-m+fp/hard\libgcc.a(unwind-arm.o)
 .ARM.exidx.text.next_unwind_byte
                0x0800834c        0x8 C:/Program Files (x86)/Arm GNU Toolchain arm-none-eabi/14.2 rel1/bin/../lib/gcc/arm-none-eabi/14.2.1/thumb/v7e-m+fp/hard\libgcc.a(pr-support.o)
 .ARM.exidx.text.__gnu_unwind_execute
                0x08008354       0x10 C:/Program Files (x86)/Arm GNU Toolchain arm-none-eabi/14.2 rel1/bin/../lib/gcc/arm-none-eabi/14.2.1/thumb/v7e-m+fp/hard\libgcc.a(pr-support.o)
                                  0x8 (size before relaxing)
                0x08008364                        __exidx_end = .
                0x08008364                        . = ALIGN (0x4)

.preinit_array  0x08008364        0x0
                0x08008364                        . = ALIGN (0x4)
                0x08008364                        PROVIDE (__preinit_array_start = .)
 *(.preinit_array*)
                0x08008364                        PROVIDE (__preinit_array_end = .)
                0x08008364                        . = ALIGN (0x4)

.init_array     0x08008364        0xc
                0x08008364                        . = ALIGN (0x4)
                0x08008364                        PROVIDE (__init_array_start = .)
 *(SORT_BY_NAME(.init_array.*))
 *(.init_array*)
 .init_array    0x08008364        0x4 C:/Program Files (x86)/Arm GNU Toolchain arm-none-eabi/14.2 rel1/bin/../lib/gcc/arm-none-eabi/14.2.1/thumb/v7e-m+fp/hard/crtbegin.o
 .init_array    0x08008368        0x4 build/main.o
 .init_array    0x0800836c        0x4 build/app.o
                0x08008370                        PROVIDE (__init_array_end = .)
                0x08008370                        . = ALIGN (0x4)

.fini_array     0x08008370        0x4